Archive member included to satisfy reference by file (symbol)

/home/conrad/Downloads/glibc-2.29-arm/glibc-2.29/build_dir/libc_pic.a(check_fds.os)
                              /home/conrad/Downloads/glibc-2.29-arm/glibc-2.29/build_dir/elf/dl-allobjs.os (__libc_check_standard_fds)
/home/conrad/Downloads/glibc-2.29-arm/glibc-2.29/build_dir/libc_pic.a(errno.os)
                              /home/conrad/Downloads/glibc-2.29-arm/glibc-2.29/build_dir/libc_pic.a(check_fds.os) (__libc_errno)
/home/conrad/Downloads/glibc-2.29-arm/glibc-2.29/build_dir/libc_pic.a(setjmp.os)
                              /home/conrad/Downloads/glibc-2.29-arm/glibc-2.29/build_dir/elf/dl-allobjs.os (__sigsetjmp)
/home/conrad/Downloads/glibc-2.29-arm/glibc-2.29/build_dir/libc_pic.a(__longjmp.os)
                              /home/conrad/Downloads/glibc-2.29-arm/glibc-2.29/build_dir/elf/dl-allobjs.os (__longjmp)
/home/conrad/Downloads/glibc-2.29-arm/glibc-2.29/build_dir/libc_pic.a(scratch_buffer_set_array_size.os)
                              /home/conrad/Downloads/glibc-2.29-arm/glibc-2.29/build_dir/elf/dl-allobjs.os (__libc_scratch_buffer_set_array_size)
/home/conrad/Downloads/glibc-2.29-arm/glibc-2.29/build_dir/libc_pic.a(strchr.os)
                              /home/conrad/Downloads/glibc-2.29-arm/glibc-2.29/build_dir/elf/dl-allobjs.os (strchr)
/home/conrad/Downloads/glibc-2.29-arm/glibc-2.29/build_dir/libc_pic.a(strcmp.os)
                              /home/conrad/Downloads/glibc-2.29-arm/glibc-2.29/build_dir/elf/dl-allobjs.os (strcmp)
/home/conrad/Downloads/glibc-2.29-arm/glibc-2.29/build_dir/libc_pic.a(strcspn.os)
                              /home/conrad/Downloads/glibc-2.29-arm/glibc-2.29/build_dir/elf/dl-allobjs.os (strcspn)
/home/conrad/Downloads/glibc-2.29-arm/glibc-2.29/build_dir/libc_pic.a(strdup.os)
                              /home/conrad/Downloads/glibc-2.29-arm/glibc-2.29/build_dir/elf/dl-allobjs.os (__strdup)
/home/conrad/Downloads/glibc-2.29-arm/glibc-2.29/build_dir/libc_pic.a(strlen.os)
                              /home/conrad/Downloads/glibc-2.29-arm/glibc-2.29/build_dir/elf/dl-allobjs.os (strlen)
/home/conrad/Downloads/glibc-2.29-arm/glibc-2.29/build_dir/libc_pic.a(strnlen.os)
                              /home/conrad/Downloads/glibc-2.29-arm/glibc-2.29/build_dir/elf/dl-allobjs.os (strnlen)
/home/conrad/Downloads/glibc-2.29-arm/glibc-2.29/build_dir/libc_pic.a(strncmp.os)
                              /home/conrad/Downloads/glibc-2.29-arm/glibc-2.29/build_dir/elf/dl-allobjs.os (strncmp)
/home/conrad/Downloads/glibc-2.29-arm/glibc-2.29/build_dir/libc_pic.a(memchr.os)
                              /home/conrad/Downloads/glibc-2.29-arm/glibc-2.29/build_dir/elf/dl-allobjs.os (memchr)
/home/conrad/Downloads/glibc-2.29-arm/glibc-2.29/build_dir/libc_pic.a(memcmp.os)
                              /home/conrad/Downloads/glibc-2.29-arm/glibc-2.29/build_dir/elf/dl-allobjs.os (memcmp)
/home/conrad/Downloads/glibc-2.29-arm/glibc-2.29/build_dir/libc_pic.a(memmove.os)
                              /home/conrad/Downloads/glibc-2.29-arm/glibc-2.29/build_dir/elf/dl-allobjs.os (memmove)
/home/conrad/Downloads/glibc-2.29-arm/glibc-2.29/build_dir/libc_pic.a(memset.os)
                              /home/conrad/Downloads/glibc-2.29-arm/glibc-2.29/build_dir/elf/dl-allobjs.os (memset)
/home/conrad/Downloads/glibc-2.29-arm/glibc-2.29/build_dir/libc_pic.a(mempcpy.os)
                              /home/conrad/Downloads/glibc-2.29-arm/glibc-2.29/build_dir/elf/dl-allobjs.os (__mempcpy)
/home/conrad/Downloads/glibc-2.29-arm/glibc-2.29/build_dir/libc_pic.a(stpcpy.os)
                              /home/conrad/Downloads/glibc-2.29-arm/glibc-2.29/build_dir/elf/dl-allobjs.os (__stpcpy)
/home/conrad/Downloads/glibc-2.29-arm/glibc-2.29/build_dir/libc_pic.a(memcpy.os)
                              /home/conrad/Downloads/glibc-2.29-arm/glibc-2.29/build_dir/elf/dl-allobjs.os (memcpy)
/home/conrad/Downloads/glibc-2.29-arm/glibc-2.29/build_dir/libc_pic.a(rawmemchr.os)
                              /home/conrad/Downloads/glibc-2.29-arm/glibc-2.29/build_dir/elf/dl-allobjs.os (rawmemchr)
/home/conrad/Downloads/glibc-2.29-arm/glibc-2.29/build_dir/libc_pic.a(strchrnul.os)
                              /home/conrad/Downloads/glibc-2.29-arm/glibc-2.29/build_dir/libc_pic.a(strcspn.os) (__strchrnul)
/home/conrad/Downloads/glibc-2.29-arm/glibc-2.29/build_dir/libc_pic.a(memcpy_generic.os)
                              /home/conrad/Downloads/glibc-2.29-arm/glibc-2.29/build_dir/libc_pic.a(check_fds.os) (__GI_memcpy)
/home/conrad/Downloads/glibc-2.29-arm/glibc-2.29/build_dir/libc_pic.a(memcpy_thunderx.os)
                              /home/conrad/Downloads/glibc-2.29-arm/glibc-2.29/build_dir/libc_pic.a(memmove.os) (__memmove_thunderx)
/home/conrad/Downloads/glibc-2.29-arm/glibc-2.29/build_dir/libc_pic.a(memcpy_thunderx2.os)
                              /home/conrad/Downloads/glibc-2.29-arm/glibc-2.29/build_dir/libc_pic.a(memcpy.os) (__memcpy_thunderx2)
[...]
Memory Configuration

Name             Origin             Length             Attributes
*default*        0x0000000000000000 0xffffffffffffffff

Linker script and memory map

                0x0000000000000000                __stack_chk_fail = 0x0
                0x0000000000000000                __stack_chk_fail_local = 0x0
START GROUP
LOAD /home/conrad/Downloads/glibc-2.29-arm/glibc-2.29/build_dir/elf/dl-allobjs.os
LOAD /home/conrad/Downloads/glibc-2.29-arm/glibc-2.29/build_dir/libc_pic.a
LOAD /usr/lib/gcc-cross/aarch64-linux-gnu/8/libgcc.a
END GROUP

.interp
 *(.interp)

.note.gnu.build-id
 *(.note.gnu.build-id)

.hash
 *(.hash)

.gnu.hash
 *(.gnu.hash)

.dynsym
 *(.dynsym)

.dynstr
 *(.dynstr)

.gnu.version
 *(.gnu.version)

.gnu.version_d
 *(.gnu.version_d)

.gnu.version_r
 *(.gnu.version_r)

.rela.init
 *(.rela.init)

.rela.text
 *(.rela.text)

.rela.fini
 *(.rela.fini)

.rela.rodata
 *(.rela.rodata)

.rela.data.rel.ro
 *(.rela.data.rel.ro)

.rela.data
 *(.rela.data)

.rela.tdata
 *(.rela.tdata)

.rela.tbss
 *(.rela.tbss)

.rela.ctors
 *(.rela.ctors)

.rela.dtors
 *(.rela.dtors)

.rela.got
 *(.rela.got)

.rela.bss
 *(.rela.bss)

.rela.ifunc
 *(.rela.ifunc)

.rela.plt
 *(.rela.plt)

.init
 *(SORT_NONE(.init))

.plt
 *(.plt)

.text           0x0000000000000000    0x1847c
 *(.text .stub)
 .text          0x0000000000000000    0x14e70 /home/conrad/Downloads/glibc-2.29-arm/glibc-2.29/build_dir/elf/dl-allobjs.os
                0x0000000000000000                _start
                0x000000000000000c                _dl_start_user
                0x0000000000000fa0                handle_ld_preload
                0x0000000000006030                _dl_dst_count
                0x00000000000060e0                _dl_dst_substitute
                0x00000000000068a0                _dl_init_paths
                0x0000000000006b68                _dl_map_object
                0x00000000000074b8                _dl_rtld_di_serinfo
                0x0000000000008210                _dl_lookup_symbol_x
                0x00000000000090d0                _dl_setup_hash
                0x0000000000009178                _dl_add_to_namespace_list
                0x0000000000009238                _dl_new_object
                0x0000000000009508                _dl_try_allocate_static_tls
                0x0000000000009600                _dl_allocate_static_tls
                0x0000000000009648                _dl_nothread_init_static_tls
                0x0000000000009690                _dl_protect_relro
                0x0000000000009710                _dl_reloc_bad_type
                0x00000000000097e0                _dl_relocate_object
                0x000000000000aa88                _dl_map_object_deps
                0x000000000000b730                _dl_important_hwcaps
                0x000000000000bdf0                _dl_fixup
                0x000000000000bfc8                _dl_profile_fixup
                0x000000000000c5a0                _dl_call_pltexit
                0x000000000000c7f0                _dl_init
                0x000000000000c948                _dl_fini
                0x000000000000cd18                _dl_debug_state
                0x000000000000cd18                __GI__dl_debug_state
                0x000000000000cd20                _dl_debug_initialize
                0x000000000000d3e0                _dl_sysdep_read_whole_file
                0x000000000000d480                _dl_debug_printf
                0x000000000000d508                _dl_debug_printf_c
                0x000000000000d590                _dl_dprintf
                0x000000000000d608                _dl_name_match_p
                0x000000000000d670                _dl_higher_prime_number
                0x000000000000d6f8                _dl_strtoul
                0x000000000000d850                _dl_check_map_versions
                0x000000000000df10                _dl_check_all_versions
                0x000000000000df98                _dl_start_profile
                0x000000000000e638                __GI__dl_mcount
                0x000000000000e638                _dl_mcount
                0x000000000000ecd8                _dl_next_tls_modid
                0x000000000000edd0                _dl_count_modids
                0x000000000000ee30                _dl_determine_tlsoffset
                0x000000000000efd8                _dl_get_tls_static_info
                0x000000000000eff8                _dl_allocate_tls_storage
                0x000000000000f0a8                __GI__dl_allocate_tls_init
                0x000000000000f0a8                _dl_allocate_tls_init
                0x000000000000f2a0                __GI__dl_allocate_tls
                0x000000000000f2a0                _dl_allocate_tls
                0x000000000000f2c8                _dl_deallocate_tls
                0x000000000000f2c8                __GI__dl_deallocate_tls
                0x000000000000f360                _dl_update_slotinfo
                0x000000000000f5e8                __GI___tls_get_addr
                0x000000000000f5e8                __tls_get_addr
                0x000000000000f638                _dl_tls_get_addr_soft
                0x000000000000f6c8                _dl_add_to_slotinfo
                0x000000000000f7d8                _dl_get_origin
                0x000000000000f990                _dl_scope_free
                0x000000000000fa78                _dl_make_stack_executable
                0x000000000000fa78                __GI__dl_make_stack_executable
                0x000000000000fd08                __GI__dl_find_dso_for_object
                0x000000000000fd08                _dl_find_dso_for_object
                0x000000000000fdf0                _dl_open
                0x00000000000100b8                _dl_show_scope
                0x0000000000010a00                _dl_close_worker
                0x0000000000011878                _dl_close
                0x00000000000118fc                _dl_runtime_resolve
                0x0000000000011970                _dl_runtime_profile
                0x0000000000011ab8                _dl_exception_create
                0x0000000000011ab8                __GI__dl_exception_create
                0x0000000000011ba0                __GI__dl_exception_create_format
                0x0000000000011ba0                _dl_exception_create_format
                0x0000000000011fc0                _dl_exception_free
                0x0000000000011fc0                __GI__dl_exception_free
                0x0000000000011ff0                _dl_sort_maps
                0x0000000000012240                _dl_cache_libcmp
                0x0000000000012338                _dl_load_cache_lookup
                0x00000000000128f8                _dl_unload_cache
                0x0000000000012a10                __tunable_set_val
                0x0000000000012a30                __GI___tunables_init
                0x0000000000012ef8                __tunable_get_val
                0x0000000000012ef8                __GI___tunable_get_val
                0x0000000000012f88                _dl_var_init
                0x0000000000012fa0                _dl_make_tlsdesc_dynamic
                0x0000000000013288                _dl_unmap
                0x0000000000013314                _dl_tlsdesc_return
                0x000000000001331c                _dl_tlsdesc_undefweak
                0x0000000000013334                _dl_tlsdesc_dynamic
                0x0000000000013458                _dl_sysdep_start
                0x0000000000013828                _dl_sysdep_start_cleanup
                0x0000000000013830                _dl_show_auxv
                0x00000000000139a8                _dl_discover_osversion
                0x0000000000013ba8                _dl_next_ld_env_entry
                0x0000000000013bf8                unsetenv
                0x0000000000013c70                malloc
                0x0000000000013da0                calloc
                0x0000000000013dd8                free
                0x0000000000013e28                __sigjmp_save
                0x0000000000013e38                __strerror_r
                0x0000000000013f28                __GI___libc_fatal
                0x0000000000013f28                __libc_fatal
                0x0000000000013f50                __GI___chk_fail
                0x0000000000013f50                __chk_fail
                0x0000000000013f60                __GI___assert_fail
                0x0000000000013f60                __assert_fail
                0x0000000000013fb0                realloc
                0x0000000000014038                __GI___assert_perror_fail
                0x0000000000014038                __assert_perror_fail
                0x00000000000140a8                _itoa
                0x0000000000014108                __strsep
                0x0000000000014108                strsep
                0x0000000000014108                __strsep_g
                0x0000000000014250                _dl_signal_exception
                0x0000000000014298                _dl_signal_error
                0x00000000000142e8                _dl_signal_cexception
                0x0000000000014380                _dl_signal_cerror
                0x0000000000014428                _dl_catch_exception
                0x00000000000144b8                _dl_catch_error
                0x0000000000014510                _dl_receive_error
                0x0000000000014558                _dl_resolve_conflicts
                0x00000000000146f0                __read_tp
                0x00000000000146f8                __brk
                0x00000000000146f8                brk
                0x0000000000014730                sbrk
                0x0000000000014730                __sbrk
                0x00000000000147e8                __getcwd
                0x00000000000147e8                getcwd
                0x0000000000014c38                openat64
                0x0000000000014ca8                __alloc_dir
                0x0000000000014d70                __opendir
                0x0000000000014d70                opendir
                0x0000000000014e20                __fxstatat
                0x0000000000014e20                __fxstatat64
                0x0000000000014e20                __GI___fxstatat64
 .text          0x0000000000014e70       0xf8 /home/conrad/Downloads/glibc-2.29-arm/glibc-2.29/build_dir/libc_pic.a(check_fds.os)
                0x0000000000014f38                __libc_check_standard_fds
 .text          0x0000000000014f68        0x0 /home/conrad/Downloads/glibc-2.29-arm/glibc-2.29/build_dir/libc_pic.a(errno.os)
 *fill*         0x0000000000014f68        0x8 1f2003d5
 .text          0x0000000000014f70       0x74 /home/conrad/Downloads/glibc-2.29-arm/glibc-2.29/build_dir/libc_pic.a(setjmp.os)
                0x0000000000014f70                setjmp
                0x0000000000014f80                __GI__setjmp
                0x0000000000014f80                _setjmp
                0x0000000000014f90                __sigsetjmp
                0x0000000000014f90                __GI___sigsetjmp
 *fill*         0x0000000000014fe4        0xc 1f2003d5
 .text          0x0000000000014ff0       0x60 /home/conrad/Downloads/glibc-2.29-arm/glibc-2.29/build_dir/libc_pic.a(__longjmp.os)
                0x0000000000014ff0                __longjmp
 .text          0x0000000000015050       0xe4 /home/conrad/Downloads/glibc-2.29-arm/glibc-2.29/build_dir/libc_pic.a(scratch_buffer_set_array_size.os)
                0x0000000000015050                __libc_scratch_buffer_set_array_size
                0x0000000000015050                __GI___libc_scratch_buffer_set_array_size
 *fill*         0x0000000000015134        0xc 1f2003d5
 .text          0x0000000000015140       0xdc /home/conrad/Downloads/glibc-2.29-arm/glibc-2.29/build_dir/libc_pic.a(strchr.os)
                0x0000000000015140                __GI_strchr
                0x0000000000015140                index
                0x0000000000015140                strchr
 *fill*         0x000000000001521c       0x24 1f2003d5
 .text          0x0000000000015240       0xe4 /home/conrad/Downloads/glibc-2.29-arm/glibc-2.29/build_dir/libc_pic.a(strcmp.os)
                0x0000000000015240                __GI_strcmp
                0x0000000000015240                strcmp
 *fill*         0x0000000000015324        0x4 1f2003d5
 .text          0x0000000000015328      0x13c /home/conrad/Downloads/glibc-2.29-arm/glibc-2.29/build_dir/libc_pic.a(strcspn.os)
                0x0000000000015328                strcspn
                0x0000000000015328                __GI_strcspn
 *fill*         0x0000000000015464        0x4 1f2003d5
 .text          0x0000000000015468       0x44 /home/conrad/Downloads/glibc-2.29-arm/glibc-2.29/build_dir/libc_pic.a(strdup.os)
                0x0000000000015468                __GI___strdup
                0x0000000000015468                __strdup
                0x0000000000015468                strdup
 *fill*         0x00000000000154ac        0x4 1f2003d5
 .text          0x00000000000154b0       0x3c /home/conrad/Downloads/glibc-2.29-arm/glibc-2.29/build_dir/libc_pic.a(strlen.os)
                0x00000000000154b0                __strlen
                0x00000000000154b0                strlen
 *fill*         0x00000000000154ec       0x14 1f2003d5
 .text          0x0000000000015500       0xe8 /home/conrad/Downloads/glibc-2.29-arm/glibc-2.29/build_dir/libc_pic.a(strnlen.os)
                0x0000000000015524                __strnlen
                0x0000000000015524                strnlen
                0x0000000000015524                __GI___strnlen
                0x0000000000015524                __GI_strnlen
 *fill*         0x00000000000155e8       0x18 1f2003d5
 .text          0x0000000000015600      0x1d4 /home/conrad/Downloads/glibc-2.29-arm/glibc-2.29/build_dir/libc_pic.a(strncmp.os)
                0x000000000001561c                __GI_strncmp
                0x000000000001561c                strncmp
 *fill*         0x00000000000157d4        0xc 1f2003d5
 .text          0x00000000000157e0       0xd8 /home/conrad/Downloads/glibc-2.29-arm/glibc-2.29/build_dir/libc_pic.a(memchr.os)
                0x00000000000157e0                __GI_memchr
                0x00000000000157e0                memchr
                0x00000000000157e0                __memchr
 *fill*         0x00000000000158b8        0x8 1f2003d5
 .text          0x00000000000158c0      0x110 /home/conrad/Downloads/glibc-2.29-arm/glibc-2.29/build_dir/libc_pic.a(memcmp.os)
                0x00000000000158c0                bcmp
                0x00000000000158c0                __GI_memcmp
                0x00000000000158c0                memcmp
 .text          0x00000000000159d0       0x90 /home/conrad/Downloads/glibc-2.29-arm/glibc-2.29/build_dir/libc_pic.a(memmove.os)
                0x00000000000159d0                memmove
                0x00000000000159d0                __libc_memmove
 .text          0x0000000000015a60       0x6c /home/conrad/Downloads/glibc-2.29-arm/glibc-2.29/build_dir/libc_pic.a(memset.os)
                0x0000000000015a60                memset
                0x0000000000015a60                __libc_memset
 *fill*         0x0000000000015acc        0x4 1f2003d5
 .text          0x0000000000015ad0       0x24 /home/conrad/Downloads/glibc-2.29-arm/glibc-2.29/build_dir/libc_pic.a(mempcpy.os)
                0x0000000000015ad0                mempcpy
                0x0000000000015ad0                __GI_mempcpy
                0x0000000000015ad0                __mempcpy
                0x0000000000015ad0                __GI___mempcpy
 *fill*         0x0000000000015af4        0xc 1f2003d5
 .text          0x0000000000015b00      0x1bc /home/conrad/Downloads/glibc-2.29-arm/glibc-2.29/build_dir/libc_pic.a(stpcpy.os)
                0x0000000000015b00                stpcpy
                0x0000000000015b00                __GI_stpcpy
                0x0000000000015b00                __stpcpy
                0x0000000000015b00                __GI___stpcpy
 *fill*         0x0000000000015cbc        0x4 1f2003d5
 .text          0x0000000000015cc0       0xf4 /home/conrad/Downloads/glibc-2.29-arm/glibc-2.29/build_dir/libc_pic.a(memcpy.os)
                0x0000000000015cc0                memcpy
                0x0000000000015cc0                __libc_memcpy
 *fill*         0x0000000000015db4        0xc 1f2003d5
 .text          0x0000000000015dc0       0x20 /home/conrad/Downloads/glibc-2.29-arm/glibc-2.29/build_dir/libc_pic.a(rawmemchr.os)
                0x0000000000015dc0                __GI___rawmemchr
                0x0000000000015dc0                __rawmemchr
                0x0000000000015dc0                rawmemchr
 .text          0x0000000000015de0       0xb8 /home/conrad/Downloads/glibc-2.29-arm/glibc-2.29/build_dir/libc_pic.a(strchrnul.os)
                0x0000000000015de0                __strchrnul
                0x0000000000015de0                strchrnul
 *fill*         0x0000000000015e98       0x28 1f2003d5
 .text          0x0000000000015ec0      0x21c /home/conrad/Downloads/glibc-2.29-arm/glibc-2.29/build_dir/libc_pic.a(memcpy_generic.os)
                0x0000000000015ec0                __GI_memmove
                0x0000000000015ec0                __memmove_generic
                0x0000000000015ed0                __memcpy_generic
                0x0000000000015ed0                __GI_memcpy
 *fill*         0x00000000000160dc       0x24 1f2003d5
 .text          0x0000000000016100      0x28c /home/conrad/Downloads/glibc-2.29-arm/glibc-2.29/build_dir/libc_pic.a(memcpy_thunderx.os)
                0x0000000000016100                __memmove_thunderx
                0x0000000000016100                __GI___memmove_thunderx
                0x0000000000016110                __GI___memcpy_thunderx
                0x0000000000016110                __memcpy_thunderx
 *fill*         0x000000000001638c       0x34 1f2003d5
 .text          0x00000000000163c0      0xb14 /home/conrad/Downloads/glibc-2.29-arm/glibc-2.29/build_dir/libc_pic.a(memcpy_thunderx2.os)
                0x00000000000163c0                __memmove_thunderx2
                0x00000000000163c0                __GI___memmove_thunderx2
                0x00000000000165e0                __GI___memcpy_thunderx2
                0x00000000000165e0                __memcpy_thunderx2
 *fill*         0x0000000000016ed4       0x2c 1f2003d5
 .text          0x0000000000016f00      0x160 /home/conrad/Downloads/glibc-2.29-arm/glibc-2.29/build_dir/libc_pic.a(memcpy_falkor.os)
                0x0000000000016f00                __GI___memcpy_falkor
                0x0000000000016f00                __memcpy_falkor
 *fill*         0x0000000000017060       0x20 1f2003d5
 .text          0x0000000000017080      0x1e0 /home/conrad/Downloads/glibc-2.29-arm/glibc-2.29/build_dir/libc_pic.a(memmove_falkor.os)
                0x0000000000017080                __memmove_falkor
                0x0000000000017080                __GI___memmove_falkor
 *fill*         0x0000000000017260       0x20 1f2003d5
 .text          0x0000000000017280      0x1dc /home/conrad/Downloads/glibc-2.29-arm/glibc-2.29/build_dir/libc_pic.a(memset_generic.os)
                0x0000000000017280                __GI_memset
                0x0000000000017280                __GI___memset_generic
                0x0000000000017280                __memset_generic
 *fill*         0x000000000001745c       0x24 1f2003d5
 .text          0x0000000000017480      0x114 /home/conrad/Downloads/glibc-2.29-arm/glibc-2.29/build_dir/libc_pic.a(memset_falkor.os)
                0x0000000000017480                __memset_falkor
                0x0000000000017480                __GI___memset_falkor
 *fill*         0x0000000000017594       0x2c 1f2003d5
 .text          0x00000000000175c0      0x140 /home/conrad/Downloads/glibc-2.29-arm/glibc-2.29/build_dir/libc_pic.a(strlen_generic.os)
                0x00000000000175c0                __strlen_generic
                0x00000000000175c0                __GI_strlen
 .text          0x0000000000017700       0xc8 /home/conrad/Downloads/glibc-2.29-arm/glibc-2.29/build_dir/libc_pic.a(strlen_asimd.os)
                0x0000000000017700                __GI_strlen_asimd
                0x0000000000017700                __strlen_asimd
                0x0000000000017700                strlen_asimd
 .text          0x00000000000177c8       0x44 /home/conrad/Downloads/glibc-2.29-arm/glibc-2.29/build_dir/libc_pic.a(closedir.os)
                0x00000000000177c8                __closedir
                0x00000000000177c8                closedir
 *fill*         0x000000000001780c        0x4 1f2003d5
 .text          0x0000000000017810       0x98 /home/conrad/Downloads/glibc-2.29-arm/glibc-2.29/build_dir/libc_pic.a(rewinddir.os)
                0x0000000000017810                rewinddir
                0x0000000000017810                __rewinddir
                0x0000000000017810                __GI___rewinddir
 .text          0x00000000000178a8      0x150 /home/conrad/Downloads/glibc-2.29-arm/glibc-2.29/build_dir/libc_pic.a(readdir64.os)
                0x00000000000178a8                readdir
                0x00000000000178a8                __readdir64
                0x00000000000178a8                __readdir
                0x00000000000178a8                __GI___readdir64
                0x00000000000178a8                readdir64
 .text          0x00000000000179f8       0xc0 /home/conrad/Downloads/glibc-2.29-arm/glibc-2.29/build_dir/libc_pic.a(fdopendir.os)
                0x00000000000179f8                fdopendir
                0x00000000000179f8                __fdopendir
 *fill*         0x0000000000017ab8        0x8 1f2003d5
 .text          0x0000000000017ac0       0x18 /home/conrad/Downloads/glibc-2.29-arm/glibc-2.29/build_dir/libc_pic.a(uname.os)
                0x0000000000017ac0                uname
                0x0000000000017ac0                __GI_uname
                0x0000000000017ac0                __uname
                0x0000000000017ac0                __GI___uname
 .text          0x0000000000017ad8       0x88 /home/conrad/Downloads/glibc-2.29-arm/glibc-2.29/build_dir/libc_pic.a(_exit.os)
                0x0000000000017ad8                _Exit
                0x0000000000017ad8                __GI__exit
                0x0000000000017ad8                _exit
 .text          0x0000000000017b60        0xc /home/conrad/Downloads/glibc-2.29-arm/glibc-2.29/build_dir/libc_pic.a(getpid.os)
                0x0000000000017b60                __getpid
                0x0000000000017b60                getpid
                0x0000000000017b60                __GI_getpid
                0x0000000000017b60                __GI___getpid
 .text          0x0000000000017b6c        0x0 /home/conrad/Downloads/glibc-2.29-arm/glibc-2.29/build_dir/libc_pic.a(environ.os)
 *fill*         0x0000000000017b6c        0x4 1f2003d5
 .text          0x0000000000017b70       0x58 /home/conrad/Downloads/glibc-2.29-arm/glibc-2.29/build_dir/libc_pic.a(xstat.os)
                0x0000000000017b70                _xstat
                0x0000000000017b70                __xstat64
                0x0000000000017b70                __GI___xstat64
                0x0000000000017b70                __GI___xstat
                0x0000000000017b70                __xstat
 .text          0x0000000000017bc8       0x58 /home/conrad/Downloads/glibc-2.29-arm/glibc-2.29/build_dir/libc_pic.a(fxstat.os)
                0x0000000000017bc8                __GI___fxstat
                0x0000000000017bc8                __GI___fxstat64
                0x0000000000017bc8                __fxstat64
                0x0000000000017bc8                _fxstat
                0x0000000000017bc8                __fxstat
 .text          0x0000000000017c20       0x58 /home/conrad/Downloads/glibc-2.29-arm/glibc-2.29/build_dir/libc_pic.a(lxstat.os)
                0x0000000000017c20                __GI___lxstat
                0x0000000000017c20                _lxstat
                0x0000000000017c20                __lxstat
                0x0000000000017c20                __lxstat64
                0x0000000000017c20                __GI___lxstat64
 .text          0x0000000000017c78       0x38 /home/conrad/Downloads/glibc-2.29-arm/glibc-2.29/build_dir/libc_pic.a(lseek64.os)
                0x0000000000017c78                __compat_llseek
                0x0000000000017c78                __GI___lseek
                0x0000000000017c78                llseek@GLIBC_2.17
                0x0000000000017c78                __lseek64
                0x0000000000017c78                lseek
                0x0000000000017c78                __libc_lseek64
                0x0000000000017c78                __lseek
                0x0000000000017c78                __libc_lseek
                0x0000000000017c78                lseek64
 .text          0x0000000000017cb0       0x3c /home/conrad/Downloads/glibc-2.29-arm/glibc-2.29/build_dir/libc_pic.a(access.os)
                0x0000000000017cb0                access
                0x0000000000017cb0                __access
 *fill*         0x0000000000017cec        0x4 1f2003d5
 .text          0x0000000000017cf0       0x34 /home/conrad/Downloads/glibc-2.29-arm/glibc-2.29/build_dir/libc_pic.a(close_nocancel.os)
                0x0000000000017cf0                __GI___close_nocancel
                0x0000000000017cf0                __close_nocancel
 *fill*         0x0000000000017d24        0x4 1f2003d5
 .text          0x0000000000017d28       0xbc /home/conrad/Downloads/glibc-2.29-arm/glibc-2.29/build_dir/libc_pic.a(fcntl_nocancel.os)
                0x0000000000017d28                __fcntl64_nocancel_adjusted
                0x0000000000017db8                __fcntl64_nocancel
                0x0000000000017db8                __GI___fcntl64_nocancel
 *fill*         0x0000000000017de4        0x4 1f2003d5
 .text          0x0000000000017de8       0x94 /home/conrad/Downloads/glibc-2.29-arm/glibc-2.29/build_dir/libc_pic.a(open64_nocancel.os)
                0x0000000000017de8                __GI___open_nocancel
                0x0000000000017de8                __open_nocancel
                0x0000000000017de8                __GI___open64_nocancel
                0x0000000000017de8                __open64_nocancel
 *fill*         0x0000000000017e7c        0x4 1f2003d5
 .text          0x0000000000017e80       0x90 /home/conrad/Downloads/glibc-2.29-arm/glibc-2.29/build_dir/libc_pic.a(openat64_nocancel.os)
                0x0000000000017e80                __GI___openat64_nocancel
                0x0000000000017e80                __openat64_nocancel
                0x0000000000017e80                __GI___openat_nocancel
                0x0000000000017e80                __openat_nocancel
 .text          0x0000000000017f10       0x34 /home/conrad/Downloads/glibc-2.29-arm/glibc-2.29/build_dir/libc_pic.a(read_nocancel.os)
                0x0000000000017f10                __read_nocancel
                0x0000000000017f10                __GI___read_nocancel
 *fill*         0x0000000000017f44        0x4 1f2003d5
 .text          0x0000000000017f48       0x34 /home/conrad/Downloads/glibc-2.29-arm/glibc-2.29/build_dir/libc_pic.a(write_nocancel.os)
                0x0000000000017f48                __GI___write_nocancel
                0x0000000000017f48                __write_nocancel
 *fill*         0x0000000000017f7c        0x4 1f2003d5
 .text          0x0000000000017f80       0x60 /home/conrad/Downloads/glibc-2.29-arm/glibc-2.29/build_dir/libc_pic.a(mmap64.os)
                0x0000000000017f80                __GI___mmap
                0x0000000000017f80                __mmap
                0x0000000000017f80                mmap
                0x0000000000017f80                __GI___mmap64
                0x0000000000017f80                __mmap64
                0x0000000000017f80                mmap64
 .text          0x0000000000017fe0       0x18 /home/conrad/Downloads/glibc-2.29-arm/glibc-2.29/build_dir/libc_pic.a(munmap.os)
                0x0000000000017fe0                munmap
                0x0000000000017fe0                __GI___munmap
                0x0000000000017fe0                __GI_munmap
                0x0000000000017fe0                __munmap
 *fill*         0x0000000000017ff8        0x8 1f2003d5
 .text          0x0000000000018000       0x18 /home/conrad/Downloads/glibc-2.29-arm/glibc-2.29/build_dir/libc_pic.a(mprotect.os)
                0x0000000000018000                __mprotect
                0x0000000000018000                __GI___mprotect
                0x0000000000018000                __GI_mprotect
                0x0000000000018000                mprotect
 .text          0x0000000000018018      0x1c8 /home/conrad/Downloads/glibc-2.29-arm/glibc-2.29/build_dir/libc_pic.a(profil.os)
                0x0000000000018070                __profil
                0x0000000000018070                profil
 .text          0x00000000000181e0       0x10 /home/conrad/Downloads/glibc-2.29-arm/glibc-2.29/build_dir/libc_pic.a(prof-freq.os)
                0x00000000000181e0                __GI___profile_frequency
                0x00000000000181e0                __profile_frequency
 .text          0x00000000000181f0       0x68 /home/conrad/Downloads/glibc-2.29-arm/glibc-2.29/build_dir/libc_pic.a(libc-lowlevellock.os)
                0x00000000000181f0                __lll_lock_wait_private
 .text          0x0000000000018258       0x5c /home/conrad/Downloads/glibc-2.29-arm/glibc-2.29/build_dir/libc_pic.a(dl-addr-obj.os)
                0x0000000000018258                _dl_addr_inside_object
 *fill*         0x00000000000182b4        0x4 1f2003d5
 .text          0x00000000000182b8       0x1c /home/conrad/Downloads/glibc-2.29-arm/glibc-2.29/build_dir/libc_pic.a(sysdep.os)
                0x00000000000182b8                __syscall_error
                0x00000000000182b8                __GI___syscall_error
 *fill*         0x00000000000182d4        0x4 1f2003d5
 .text          0x00000000000182d8      0x150 /home/conrad/Downloads/glibc-2.29-arm/glibc-2.29/build_dir/libc_pic.a(sigaction.os)
                0x00000000000182d8                __libc_sigaction
                0x00000000000182d8                __GI___libc_sigaction
                0x00000000000183f0                sigaction
                0x00000000000183f0                __GI___sigaction
                0x00000000000183f0                __sigaction
 *fill*         0x0000000000018428        0x8 1f2003d5
 .text          0x0000000000018430       0x18 /home/conrad/Downloads/glibc-2.29-arm/glibc-2.29/build_dir/libc_pic.a(setitimer.os)
                0x0000000000018430                setitimer
                0x0000000000018430                __setitimer
                0x0000000000018430                __GI_setitimer
                0x0000000000018430                __GI___setitimer
 .text          0x0000000000018448       0x34 /home/conrad/Downloads/glibc-2.29-arm/glibc-2.29/build_dir/libc_pic.a(getdents64.os)
                0x0000000000018448                __getdents
                0x0000000000018448                __getdents64
 *(.gnu.warning)

.fini
 *(SORT_NONE(.fini))

.rodata         0x0000000000000000      0x9b0
 *(.rodata)
 .rodata        0x0000000000000000      0x970 /home/conrad/Downloads/glibc-2.29-arm/glibc-2.29/build_dir/elf/dl-allobjs.os
                0x0000000000000960                __GI__itoa_lower_digits
                0x0000000000000960                _itoa_lower_digits
 .rodata        0x0000000000000970       0x40 /home/conrad/Downloads/glibc-2.29-arm/glibc-2.29/build_dir/libc_pic.a(memcpy_thunderx2.os)

.rodata.str1.8  0x0000000000000000     0x3992
 .rodata.str1.8
                0x0000000000000000     0x3971 /home/conrad/Downloads/glibc-2.29-arm/glibc-2.29/build_dir/elf/dl-allobjs.os
 *fill*         0x0000000000003971        0x7 
 .rodata.str1.8
                0x0000000000003978       0x1a /home/conrad/Downloads/glibc-2.29-arm/glibc-2.29/build_dir/libc_pic.a(check_fds.os)

.rodata.cst4    0x0000000000000000        0x4
 .rodata.cst4   0x0000000000000000        0x4 /home/conrad/Downloads/glibc-2.29-arm/glibc-2.29/build_dir/elf/dl-allobjs.os

.rodata1
 *(.rodata1)

.eh_frame_hdr
 *(.eh_frame_hdr)

.eh_frame       0x0000000000000000     0x3060
 *(.eh_frame)
 .eh_frame      0x0000000000000000     0x2480 /home/conrad/Downloads/glibc-2.29-arm/glibc-2.29/build_dir/elf/dl-allobjs.os
                                       0x24d0 (size before relaxing)
 .eh_frame      0x0000000000002480       0x68 /home/conrad/Downloads/glibc-2.29-arm/glibc-2.29/build_dir/libc_pic.a(check_fds.os)
 .eh_frame      0x00000000000024e8       0x50 /home/conrad/Downloads/glibc-2.29-arm/glibc-2.29/build_dir/libc_pic.a(setjmp.os)
 .eh_frame      0x0000000000002538       0x90 /home/conrad/Downloads/glibc-2.29-arm/glibc-2.29/build_dir/libc_pic.a(__longjmp.os)
 .eh_frame      0x00000000000025c8       0x60 /home/conrad/Downloads/glibc-2.29-arm/glibc-2.29/build_dir/libc_pic.a(scratch_buffer_set_array_size.os)
 .eh_frame      0x0000000000002628       0x28 /home/conrad/Downloads/glibc-2.29-arm/glibc-2.29/build_dir/libc_pic.a(strchr.os)
 .eh_frame      0x0000000000002650       0x28 /home/conrad/Downloads/glibc-2.29-arm/glibc-2.29/build_dir/libc_pic.a(strcmp.os)
 .eh_frame      0x0000000000002678       0x40 /home/conrad/Downloads/glibc-2.29-arm/glibc-2.29/build_dir/libc_pic.a(strcspn.os)
 .eh_frame      0x00000000000026b8       0x40 /home/conrad/Downloads/glibc-2.29-arm/glibc-2.29/build_dir/libc_pic.a(strdup.os)
 .eh_frame      0x00000000000026f8       0x28 /home/conrad/Downloads/glibc-2.29-arm/glibc-2.29/build_dir/libc_pic.a(strlen.os)
 .eh_frame      0x0000000000002720       0x28 /home/conrad/Downloads/glibc-2.29-arm/glibc-2.29/build_dir/libc_pic.a(strnlen.os)
 .eh_frame      0x0000000000002748       0x28 /home/conrad/Downloads/glibc-2.29-arm/glibc-2.29/build_dir/libc_pic.a(strncmp.os)
 .eh_frame      0x0000000000002770       0x28 /home/conrad/Downloads/glibc-2.29-arm/glibc-2.29/build_dir/libc_pic.a(memchr.os)
 .eh_frame      0x0000000000002798       0x28 /home/conrad/Downloads/glibc-2.29-arm/glibc-2.29/build_dir/libc_pic.a(memcmp.os)
 .eh_frame      0x00000000000027c0       0x28 /home/conrad/Downloads/glibc-2.29-arm/glibc-2.29/build_dir/libc_pic.a(memmove.os)
 .eh_frame      0x00000000000027e8       0x28 /home/conrad/Downloads/glibc-2.29-arm/glibc-2.29/build_dir/libc_pic.a(memset.os)
 .eh_frame      0x0000000000002810       0x38 /home/conrad/Downloads/glibc-2.29-arm/glibc-2.29/build_dir/libc_pic.a(mempcpy.os)
 .eh_frame      0x0000000000002848       0x28 /home/conrad/Downloads/glibc-2.29-arm/glibc-2.29/build_dir/libc_pic.a(stpcpy.os)
 .eh_frame      0x0000000000002870       0x28 /home/conrad/Downloads/glibc-2.29-arm/glibc-2.29/build_dir/libc_pic.a(memcpy.os)
 .eh_frame      0x0000000000002898       0x28 /home/conrad/Downloads/glibc-2.29-arm/glibc-2.29/build_dir/libc_pic.a(rawmemchr.os)
 .eh_frame      0x00000000000028c0       0x28 /home/conrad/Downloads/glibc-2.29-arm/glibc-2.29/build_dir/libc_pic.a(strchrnul.os)
 .eh_frame      0x00000000000028e8       0x40 /home/conrad/Downloads/glibc-2.29-arm/glibc-2.29/build_dir/libc_pic.a(memcpy_generic.os)
 .eh_frame      0x0000000000002928       0x40 /home/conrad/Downloads/glibc-2.29-arm/glibc-2.29/build_dir/libc_pic.a(memcpy_thunderx.os)
 .eh_frame      0x0000000000002968       0x40 /home/conrad/Downloads/glibc-2.29-arm/glibc-2.29/build_dir/libc_pic.a(memcpy_thunderx2.os)
 .eh_frame      0x00000000000029a8       0x28 /home/conrad/Downloads/glibc-2.29-arm/glibc-2.29/build_dir/libc_pic.a(memcpy_falkor.os)
 .eh_frame      0x00000000000029d0       0x28 /home/conrad/Downloads/glibc-2.29-arm/glibc-2.29/build_dir/libc_pic.a(memmove_falkor.os)
 .eh_frame      0x00000000000029f8       0x28 /home/conrad/Downloads/glibc-2.29-arm/glibc-2.29/build_dir/libc_pic.a(memset_generic.os)
 .eh_frame      0x0000000000002a20       0x28 /home/conrad/Downloads/glibc-2.29-arm/glibc-2.29/build_dir/libc_pic.a(memset_falkor.os)
 .eh_frame      0x0000000000002a48       0x28 /home/conrad/Downloads/glibc-2.29-arm/glibc-2.29/build_dir/libc_pic.a(strlen_generic.os)
 .eh_frame      0x0000000000002a70       0x28 /home/conrad/Downloads/glibc-2.29-arm/glibc-2.29/build_dir/libc_pic.a(strlen_asimd.os)
 .eh_frame      0x0000000000002a98       0x38 /home/conrad/Downloads/glibc-2.29-arm/glibc-2.29/build_dir/libc_pic.a(closedir.os)
 .eh_frame      0x0000000000002ad0       0x40 /home/conrad/Downloads/glibc-2.29-arm/glibc-2.29/build_dir/libc_pic.a(rewinddir.os)
 .eh_frame      0x0000000000002b10       0x58 /home/conrad/Downloads/glibc-2.29-arm/glibc-2.29/build_dir/libc_pic.a(readdir64.os)
 .eh_frame      0x0000000000002b68       0x48 /home/conrad/Downloads/glibc-2.29-arm/glibc-2.29/build_dir/libc_pic.a(fdopendir.os)
 .eh_frame      0x0000000000002bb0       0x28 /home/conrad/Downloads/glibc-2.29-arm/glibc-2.29/build_dir/libc_pic.a(uname.os)
 .eh_frame      0x0000000000002bd8       0x28 /home/conrad/Downloads/glibc-2.29-arm/glibc-2.29/build_dir/libc_pic.a(_exit.os)
 .eh_frame      0x0000000000002c00       0x28 /home/conrad/Downloads/glibc-2.29-arm/glibc-2.29/build_dir/libc_pic.a(getpid.os)
 .eh_frame      0x0000000000002c28       0x28 /home/conrad/Downloads/glibc-2.29-arm/glibc-2.29/build_dir/libc_pic.a(xstat.os)
 .eh_frame      0x0000000000002c50       0x28 /home/conrad/Downloads/glibc-2.29-arm/glibc-2.29/build_dir/libc_pic.a(fxstat.os)
 .eh_frame      0x0000000000002c78       0x28 /home/conrad/Downloads/glibc-2.29-arm/glibc-2.29/build_dir/libc_pic.a(lxstat.os)
 .eh_frame      0x0000000000002ca0       0x28 /home/conrad/Downloads/glibc-2.29-arm/glibc-2.29/build_dir/libc_pic.a(lseek64.os)
 .eh_frame      0x0000000000002cc8       0x28 /home/conrad/Downloads/glibc-2.29-arm/glibc-2.29/build_dir/libc_pic.a(access.os)
 .eh_frame      0x0000000000002cf0       0x28 /home/conrad/Downloads/glibc-2.29-arm/glibc-2.29/build_dir/libc_pic.a(close_nocancel.os)
 .eh_frame      0x0000000000002d18       0x58 /home/conrad/Downloads/glibc-2.29-arm/glibc-2.29/build_dir/libc_pic.a(fcntl_nocancel.os)
 .eh_frame      0x0000000000002d70       0x30 /home/conrad/Downloads/glibc-2.29-arm/glibc-2.29/build_dir/libc_pic.a(open64_nocancel.os)
 .eh_frame      0x0000000000002da0       0x30 /home/conrad/Downloads/glibc-2.29-arm/glibc-2.29/build_dir/libc_pic.a(openat64_nocancel.os)
 .eh_frame      0x0000000000002dd0       0x28 /home/conrad/Downloads/glibc-2.29-arm/glibc-2.29/build_dir/libc_pic.a(read_nocancel.os)
 .eh_frame      0x0000000000002df8       0x28 /home/conrad/Downloads/glibc-2.29-arm/glibc-2.29/build_dir/libc_pic.a(write_nocancel.os)
 .eh_frame      0x0000000000002e20       0x28 /home/conrad/Downloads/glibc-2.29-arm/glibc-2.29/build_dir/libc_pic.a(mmap64.os)
 .eh_frame      0x0000000000002e48       0x28 /home/conrad/Downloads/glibc-2.29-arm/glibc-2.29/build_dir/libc_pic.a(munmap.os)
 .eh_frame      0x0000000000002e70       0x28 /home/conrad/Downloads/glibc-2.29-arm/glibc-2.29/build_dir/libc_pic.a(mprotect.os)
 .eh_frame      0x0000000000002e98       0x80 /home/conrad/Downloads/glibc-2.29-arm/glibc-2.29/build_dir/libc_pic.a(profil.os)
 .eh_frame      0x0000000000002f18       0x28 /home/conrad/Downloads/glibc-2.29-arm/glibc-2.29/build_dir/libc_pic.a(prof-freq.os)
 .eh_frame      0x0000000000002f40       0x28 /home/conrad/Downloads/glibc-2.29-arm/glibc-2.29/build_dir/libc_pic.a(libc-lowlevellock.os)
 .eh_frame      0x0000000000002f68       0x28 /home/conrad/Downloads/glibc-2.29-arm/glibc-2.29/build_dir/libc_pic.a(dl-addr-obj.os)
 .eh_frame      0x0000000000002f90       0x28 /home/conrad/Downloads/glibc-2.29-arm/glibc-2.29/build_dir/libc_pic.a(sysdep.os)
 .eh_frame      0x0000000000002fb8       0x58 /home/conrad/Downloads/glibc-2.29-arm/glibc-2.29/build_dir/libc_pic.a(sigaction.os)
 .eh_frame      0x0000000000003010       0x28 /home/conrad/Downloads/glibc-2.29-arm/glibc-2.29/build_dir/libc_pic.a(setitimer.os)
 .eh_frame      0x0000000000003038       0x28 /home/conrad/Downloads/glibc-2.29-arm/glibc-2.29/build_dir/libc_pic.a(getdents64.os)

.gcc_except_table
 *(.gcc_except_table)

.gnu_extab
 *(.gnu_extab*)

.exception_ranges
 *(.exception_ranges)

.eh_frame
 *(.eh_frame)

.gnu_extab
 *(.gnu_extab)

.gcc_except_table
 *(.gcc_except_table)

.exception_ranges
 *(.exception_ranges)

.tdata
 *(.tdata)

.tbss           0x0000000000000000        0x4
 *(.tbss)
 .tbss          0x0000000000000000        0x4 /home/conrad/Downloads/glibc-2.29-arm/glibc-2.29/build_dir/libc_pic.a(errno.os)
                0x0000000000000000                errno
                0x0000000000000000                __libc_errno

.jcr
 *(.jcr)

.dynamic
 *(.dynamic)

.got
 *(.got)

.got.plt
 *(.got.plt)

.data           0x0000000000000000     0x1000
 *(.data)
 .data          0x0000000000000000     0x1000 /home/conrad/Downloads/glibc-2.29-arm/glibc-2.29/build_dir/elf/dl-allobjs.os
                0x0000000000000000                _rtld_global
                0x0000000000000000                _rtld_local
 .data          0x0000000000001000        0x0 /home/conrad/Downloads/glibc-2.29-arm/glibc-2.29/build_dir/libc_pic.a(check_fds.os)
 .data          0x0000000000001000        0x0 /home/conrad/Downloads/glibc-2.29-arm/glibc-2.29/build_dir/libc_pic.a(errno.os)
 .data          0x0000000000001000        0x0 /home/conrad/Downloads/glibc-2.29-arm/glibc-2.29/build_dir/libc_pic.a(setjmp.os)
 .data          0x0000000000001000        0x0 /home/conrad/Downloads/glibc-2.29-arm/glibc-2.29/build_dir/libc_pic.a(__longjmp.os)
 .data          0x0000000000001000        0x0 /home/conrad/Downloads/glibc-2.29-arm/glibc-2.29/build_dir/libc_pic.a(scratch_buffer_set_array_size.os)
 .data          0x0000000000001000        0x0 /home/conrad/Downloads/glibc-2.29-arm/glibc-2.29/build_dir/libc_pic.a(strchr.os)
 .data          0x0000000000001000        0x0 /home/conrad/Downloads/glibc-2.29-arm/glibc-2.29/build_dir/libc_pic.a(strcmp.os)
 .data          0x0000000000001000        0x0 /home/conrad/Downloads/glibc-2.29-arm/glibc-2.29/build_dir/libc_pic.a(strcspn.os)
 .data          0x0000000000001000        0x0 /home/conrad/Downloads/glibc-2.29-arm/glibc-2.29/build_dir/libc_pic.a(strdup.os)
 .data          0x0000000000001000        0x0 /home/conrad/Downloads/glibc-2.29-arm/glibc-2.29/build_dir/libc_pic.a(strlen.os)
 .data          0x0000000000001000        0x0 /home/conrad/Downloads/glibc-2.29-arm/glibc-2.29/build_dir/libc_pic.a(strnlen.os)
 .data          0x0000000000001000        0x0 /home/conrad/Downloads/glibc-2.29-arm/glibc-2.29/build_dir/libc_pic.a(strncmp.os)
 .data          0x0000000000001000        0x0 /home/conrad/Downloads/glibc-2.29-arm/glibc-2.29/build_dir/libc_pic.a(memchr.os)
 .data          0x0000000000001000        0x0 /home/conrad/Downloads/glibc-2.29-arm/glibc-2.29/build_dir/libc_pic.a(memcmp.os)
 .data          0x0000000000001000        0x0 /home/conrad/Downloads/glibc-2.29-arm/glibc-2.29/build_dir/libc_pic.a(memmove.os)
 .data          0x0000000000001000        0x0 /home/conrad/Downloads/glibc-2.29-arm/glibc-2.29/build_dir/libc_pic.a(memset.os)
 .data          0x0000000000001000        0x0 /home/conrad/Downloads/glibc-2.29-arm/glibc-2.29/build_dir/libc_pic.a(mempcpy.os)
 .data          0x0000000000001000        0x0 /home/conrad/Downloads/glibc-2.29-arm/glibc-2.29/build_dir/libc_pic.a(stpcpy.os)
 .data          0x0000000000001000        0x0 /home/conrad/Downloads/glibc-2.29-arm/glibc-2.29/build_dir/libc_pic.a(memcpy.os)
 .data          0x0000000000001000        0x0 /home/conrad/Downloads/glibc-2.29-arm/glibc-2.29/build_dir/libc_pic.a(rawmemchr.os)
 .data          0x0000000000001000        0x0 /home/conrad/Downloads/glibc-2.29-arm/glibc-2.29/build_dir/libc_pic.a(strchrnul.os)
 .data          0x0000000000001000        0x0 /home/conrad/Downloads/glibc-2.29-arm/glibc-2.29/build_dir/libc_pic.a(memcpy_generic.os)
 .data          0x0000000000001000        0x0 /home/conrad/Downloads/glibc-2.29-arm/glibc-2.29/build_dir/libc_pic.a(memcpy_thunderx.os)
 .data          0x0000000000001000        0x0 /home/conrad/Downloads/glibc-2.29-arm/glibc-2.29/build_dir/libc_pic.a(memcpy_thunderx2.os)
 .data          0x0000000000001000        0x0 /home/conrad/Downloads/glibc-2.29-arm/glibc-2.29/build_dir/libc_pic.a(memcpy_falkor.os)
 .data          0x0000000000001000        0x0 /home/conrad/Downloads/glibc-2.29-arm/glibc-2.29/build_dir/libc_pic.a(memmove_falkor.os)
 .data          0x0000000000001000        0x0 /home/conrad/Downloads/glibc-2.29-arm/glibc-2.29/build_dir/libc_pic.a(memset_generic.os)
 .data          0x0000000000001000        0x0 /home/conrad/Downloads/glibc-2.29-arm/glibc-2.29/build_dir/libc_pic.a(memset_falkor.os)
 .data          0x0000000000001000        0x0 /home/conrad/Downloads/glibc-2.29-arm/glibc-2.29/build_dir/libc_pic.a(strlen_generic.os)
 .data          0x0000000000001000        0x0 /home/conrad/Downloads/glibc-2.29-arm/glibc-2.29/build_dir/libc_pic.a(strlen_asimd.os)
 .data          0x0000000000001000        0x0 /home/conrad/Downloads/glibc-2.29-arm/glibc-2.29/build_dir/libc_pic.a(closedir.os)
 .data          0x0000000000001000        0x0 /home/conrad/Downloads/glibc-2.29-arm/glibc-2.29/build_dir/libc_pic.a(rewinddir.os)
 .data          0x0000000000001000        0x0 /home/conrad/Downloads/glibc-2.29-arm/glibc-2.29/build_dir/libc_pic.a(readdir64.os)
 .data          0x0000000000001000        0x0 /home/conrad/Downloads/glibc-2.29-arm/glibc-2.29/build_dir/libc_pic.a(fdopendir.os)
 .data          0x0000000000001000        0x0 /home/conrad/Downloads/glibc-2.29-arm/glibc-2.29/build_dir/libc_pic.a(uname.os)
 .data          0x0000000000001000        0x0 /home/conrad/Downloads/glibc-2.29-arm/glibc-2.29/build_dir/libc_pic.a(_exit.os)
 .data          0x0000000000001000        0x0 /home/conrad/Downloads/glibc-2.29-arm/glibc-2.29/build_dir/libc_pic.a(getpid.os)
 .data          0x0000000000001000        0x0 /home/conrad/Downloads/glibc-2.29-arm/glibc-2.29/build_dir/libc_pic.a(environ.os)
 .data          0x0000000000001000        0x0 /home/conrad/Downloads/glibc-2.29-arm/glibc-2.29/build_dir/libc_pic.a(xstat.os)
 .data          0x0000000000001000        0x0 /home/conrad/Downloads/glibc-2.29-arm/glibc-2.29/build_dir/libc_pic.a(fxstat.os)
 .data          0x0000000000001000        0x0 /home/conrad/Downloads/glibc-2.29-arm/glibc-2.29/build_dir/libc_pic.a(lxstat.os)
 .data          0x0000000000001000        0x0 /home/conrad/Downloads/glibc-2.29-arm/glibc-2.29/build_dir/libc_pic.a(lseek64.os)
 .data          0x0000000000001000        0x0 /home/conrad/Downloads/glibc-2.29-arm/glibc-2.29/build_dir/libc_pic.a(access.os)
 .data          0x0000000000001000        0x0 /home/conrad/Downloads/glibc-2.29-arm/glibc-2.29/build_dir/libc_pic.a(close_nocancel.os)
 .data          0x0000000000001000        0x0 /home/conrad/Downloads/glibc-2.29-arm/glibc-2.29/build_dir/libc_pic.a(fcntl_nocancel.os)
 .data          0x0000000000001000        0x0 /home/conrad/Downloads/glibc-2.29-arm/glibc-2.29/build_dir/libc_pic.a(open64_nocancel.os)
 .data          0x0000000000001000        0x0 /home/conrad/Downloads/glibc-2.29-arm/glibc-2.29/build_dir/libc_pic.a(openat64_nocancel.os)
 .data          0x0000000000001000        0x0 /home/conrad/Downloads/glibc-2.29-arm/glibc-2.29/build_dir/libc_pic.a(read_nocancel.os)
 .data          0x0000000000001000        0x0 /home/conrad/Downloads/glibc-2.29-arm/glibc-2.29/build_dir/libc_pic.a(write_nocancel.os)
 .data          0x0000000000001000        0x0 /home/conrad/Downloads/glibc-2.29-arm/glibc-2.29/build_dir/libc_pic.a(mmap64.os)
 .data          0x0000000000001000        0x0 /home/conrad/Downloads/glibc-2.29-arm/glibc-2.29/build_dir/libc_pic.a(munmap.os)
 .data          0x0000000000001000        0x0 /home/conrad/Downloads/glibc-2.29-arm/glibc-2.29/build_dir/libc_pic.a(mprotect.os)
 .data          0x0000000000001000        0x0 /home/conrad/Downloads/glibc-2.29-arm/glibc-2.29/build_dir/libc_pic.a(profil.os)
 .data          0x0000000000001000        0x0 /home/conrad/Downloads/glibc-2.29-arm/glibc-2.29/build_dir/libc_pic.a(prof-freq.os)
 .data          0x0000000000001000        0x0 /home/conrad/Downloads/glibc-2.29-arm/glibc-2.29/build_dir/libc_pic.a(libc-lowlevellock.os)
 .data          0x0000000000001000        0x0 /home/conrad/Downloads/glibc-2.29-arm/glibc-2.29/build_dir/libc_pic.a(dl-addr-obj.os)
 .data          0x0000000000001000        0x0 /home/conrad/Downloads/glibc-2.29-arm/glibc-2.29/build_dir/libc_pic.a(sysdep.os)
 .data          0x0000000000001000        0x0 /home/conrad/Downloads/glibc-2.29-arm/glibc-2.29/build_dir/libc_pic.a(sigaction.os)
 .data          0x0000000000001000        0x0 /home/conrad/Downloads/glibc-2.29-arm/glibc-2.29/build_dir/libc_pic.a(setitimer.os)
 .data          0x0000000000001000        0x0 /home/conrad/Downloads/glibc-2.29-arm/glibc-2.29/build_dir/libc_pic.a(getdents64.os)

.data.rel.ro    0x0000000000000000      0x7a4
 .data.rel.ro   0x0000000000000000      0x7a4 /home/conrad/Downloads/glibc-2.29-arm/glibc-2.29/build_dir/elf/dl-allobjs.os
                0x0000000000000000                _dl_argc
                0x00000000000000a0                __pointer_chk_guard
                0x00000000000000a0                __pointer_chk_guard_local
                0x00000000000000a8                __stack_chk_guard
                0x00000000000000b0                _rtld_global_ro
                0x00000000000000b0                _rtld_local_ro
                0x00000000000002f0                __stack_prot
                0x0000000000000790                __libc_stack_end
                0x0000000000000790                __GI___libc_stack_end
                0x0000000000000798                _dl_random
                0x00000000000007a0                __GI___libc_enable_secure
                0x00000000000007a0                __libc_enable_secure

.data.rel.ro.local
                0x0000000000000000       0x70
 .data.rel.ro.local
                0x0000000000000000       0x70 /home/conrad/Downloads/glibc-2.29-arm/glibc-2.29/build_dir/elf/dl-allobjs.os

.data1
 *(.data1)

.bss            0x0000000000000000      0x1e8
 *(.bss)
 .bss           0x0000000000000000      0x108 /home/conrad/Downloads/glibc-2.29-arm/glibc-2.29/build_dir/elf/dl-allobjs.os
                0x0000000000000000                __GI__dl_argv
                0x0000000000000000                _dl_argv
                0x00000000000000d0                __libc_multiple_libcs
                0x0000000000000100                ___brk_addr
                0x0000000000000100                __curbrk
 .bss           0x0000000000000108        0x0 /home/conrad/Downloads/glibc-2.29-arm/glibc-2.29/build_dir/libc_pic.a(check_fds.os)
 .bss           0x0000000000000108        0x0 /home/conrad/Downloads/glibc-2.29-arm/glibc-2.29/build_dir/libc_pic.a(errno.os)
 .bss           0x0000000000000108        0x0 /home/conrad/Downloads/glibc-2.29-arm/glibc-2.29/build_dir/libc_pic.a(setjmp.os)
 .bss           0x0000000000000108        0x0 /home/conrad/Downloads/glibc-2.29-arm/glibc-2.29/build_dir/libc_pic.a(__longjmp.os)
 .bss           0x0000000000000108        0x0 /home/conrad/Downloads/glibc-2.29-arm/glibc-2.29/build_dir/libc_pic.a(scratch_buffer_set_array_size.os)
 .bss           0x0000000000000108        0x0 /home/conrad/Downloads/glibc-2.29-arm/glibc-2.29/build_dir/libc_pic.a(strchr.os)
 .bss           0x0000000000000108        0x0 /home/conrad/Downloads/glibc-2.29-arm/glibc-2.29/build_dir/libc_pic.a(strcmp.os)
 .bss           0x0000000000000108        0x0 /home/conrad/Downloads/glibc-2.29-arm/glibc-2.29/build_dir/libc_pic.a(strcspn.os)
 .bss           0x0000000000000108        0x0 /home/conrad/Downloads/glibc-2.29-arm/glibc-2.29/build_dir/libc_pic.a(strdup.os)
 .bss           0x0000000000000108        0x0 /home/conrad/Downloads/glibc-2.29-arm/glibc-2.29/build_dir/libc_pic.a(strlen.os)
 .bss           0x0000000000000108        0x0 /home/conrad/Downloads/glibc-2.29-arm/glibc-2.29/build_dir/libc_pic.a(strnlen.os)
 .bss           0x0000000000000108        0x0 /home/conrad/Downloads/glibc-2.29-arm/glibc-2.29/build_dir/libc_pic.a(strncmp.os)
 .bss           0x0000000000000108        0x0 /home/conrad/Downloads/glibc-2.29-arm/glibc-2.29/build_dir/libc_pic.a(memchr.os)
 .bss           0x0000000000000108        0x0 /home/conrad/Downloads/glibc-2.29-arm/glibc-2.29/build_dir/libc_pic.a(memcmp.os)
 .bss           0x0000000000000108        0x0 /home/conrad/Downloads/glibc-2.29-arm/glibc-2.29/build_dir/libc_pic.a(memmove.os)
 .bss           0x0000000000000108        0x0 /home/conrad/Downloads/glibc-2.29-arm/glibc-2.29/build_dir/libc_pic.a(memset.os)
 .bss           0x0000000000000108        0x0 /home/conrad/Downloads/glibc-2.29-arm/glibc-2.29/build_dir/libc_pic.a(mempcpy.os)
 .bss           0x0000000000000108        0x0 /home/conrad/Downloads/glibc-2.29-arm/glibc-2.29/build_dir/libc_pic.a(stpcpy.os)
 .bss           0x0000000000000108        0x0 /home/conrad/Downloads/glibc-2.29-arm/glibc-2.29/build_dir/libc_pic.a(memcpy.os)
 .bss           0x0000000000000108        0x0 /home/conrad/Downloads/glibc-2.29-arm/glibc-2.29/build_dir/libc_pic.a(rawmemchr.os)
 .bss           0x0000000000000108        0x0 /home/conrad/Downloads/glibc-2.29-arm/glibc-2.29/build_dir/libc_pic.a(strchrnul.os)
 .bss           0x0000000000000108        0x0 /home/conrad/Downloads/glibc-2.29-arm/glibc-2.29/build_dir/libc_pic.a(memcpy_generic.os)
 .bss           0x0000000000000108        0x0 /home/conrad/Downloads/glibc-2.29-arm/glibc-2.29/build_dir/libc_pic.a(memcpy_thunderx.os)
 .bss           0x0000000000000108        0x0 /home/conrad/Downloads/glibc-2.29-arm/glibc-2.29/build_dir/libc_pic.a(memcpy_thunderx2.os)
 .bss           0x0000000000000108        0x0 /home/conrad/Downloads/glibc-2.29-arm/glibc-2.29/build_dir/libc_pic.a(memcpy_falkor.os)
 .bss           0x0000000000000108        0x0 /home/conrad/Downloads/glibc-2.29-arm/glibc-2.29/build_dir/libc_pic.a(memmove_falkor.os)
 .bss           0x0000000000000108        0x0 /home/conrad/Downloads/glibc-2.29-arm/glibc-2.29/build_dir/libc_pic.a(memset_generic.os)
 .bss           0x0000000000000108        0x0 /home/conrad/Downloads/glibc-2.29-arm/glibc-2.29/build_dir/libc_pic.a(memset_falkor.os)
 .bss           0x0000000000000108        0x0 /home/conrad/Downloads/glibc-2.29-arm/glibc-2.29/build_dir/libc_pic.a(strlen_generic.os)
 .bss           0x0000000000000108        0x0 /home/conrad/Downloads/glibc-2.29-arm/glibc-2.29/build_dir/libc_pic.a(strlen_asimd.os)
 .bss           0x0000000000000108        0x0 /home/conrad/Downloads/glibc-2.29-arm/glibc-2.29/build_dir/libc_pic.a(closedir.os)
 .bss           0x0000000000000108        0x0 /home/conrad/Downloads/glibc-2.29-arm/glibc-2.29/build_dir/libc_pic.a(rewinddir.os)
 .bss           0x0000000000000108        0x0 /home/conrad/Downloads/glibc-2.29-arm/glibc-2.29/build_dir/libc_pic.a(readdir64.os)
 .bss           0x0000000000000108        0x0 /home/conrad/Downloads/glibc-2.29-arm/glibc-2.29/build_dir/libc_pic.a(fdopendir.os)
 .bss           0x0000000000000108        0x0 /home/conrad/Downloads/glibc-2.29-arm/glibc-2.29/build_dir/libc_pic.a(uname.os)
 .bss           0x0000000000000108        0x0 /home/conrad/Downloads/glibc-2.29-arm/glibc-2.29/build_dir/libc_pic.a(_exit.os)
 .bss           0x0000000000000108        0x0 /home/conrad/Downloads/glibc-2.29-arm/glibc-2.29/build_dir/libc_pic.a(getpid.os)
 .bss           0x0000000000000108        0x8 /home/conrad/Downloads/glibc-2.29-arm/glibc-2.29/build_dir/libc_pic.a(environ.os)
                0x0000000000000108                _environ
                0x0000000000000108                __environ
                0x0000000000000108                environ
 .bss           0x0000000000000110        0x0 /home/conrad/Downloads/glibc-2.29-arm/glibc-2.29/build_dir/libc_pic.a(xstat.os)
 .bss           0x0000000000000110        0x0 /home/conrad/Downloads/glibc-2.29-arm/glibc-2.29/build_dir/libc_pic.a(fxstat.os)
 .bss           0x0000000000000110        0x0 /home/conrad/Downloads/glibc-2.29-arm/glibc-2.29/build_dir/libc_pic.a(lxstat.os)
 .bss           0x0000000000000110        0x0 /home/conrad/Downloads/glibc-2.29-arm/glibc-2.29/build_dir/libc_pic.a(lseek64.os)
 .bss           0x0000000000000110        0x0 /home/conrad/Downloads/glibc-2.29-arm/glibc-2.29/build_dir/libc_pic.a(access.os)
 .bss           0x0000000000000110        0x0 /home/conrad/Downloads/glibc-2.29-arm/glibc-2.29/build_dir/libc_pic.a(close_nocancel.os)
 .bss           0x0000000000000110        0x0 /home/conrad/Downloads/glibc-2.29-arm/glibc-2.29/build_dir/libc_pic.a(fcntl_nocancel.os)
 .bss           0x0000000000000110        0x0 /home/conrad/Downloads/glibc-2.29-arm/glibc-2.29/build_dir/libc_pic.a(open64_nocancel.os)
 .bss           0x0000000000000110        0x0 /home/conrad/Downloads/glibc-2.29-arm/glibc-2.29/build_dir/libc_pic.a(openat64_nocancel.os)
 .bss           0x0000000000000110        0x0 /home/conrad/Downloads/glibc-2.29-arm/glibc-2.29/build_dir/libc_pic.a(read_nocancel.os)
 .bss           0x0000000000000110        0x0 /home/conrad/Downloads/glibc-2.29-arm/glibc-2.29/build_dir/libc_pic.a(write_nocancel.os)
 .bss           0x0000000000000110        0x0 /home/conrad/Downloads/glibc-2.29-arm/glibc-2.29/build_dir/libc_pic.a(mmap64.os)
 .bss           0x0000000000000110        0x0 /home/conrad/Downloads/glibc-2.29-arm/glibc-2.29/build_dir/libc_pic.a(munmap.os)
 .bss           0x0000000000000110        0x0 /home/conrad/Downloads/glibc-2.29-arm/glibc-2.29/build_dir/libc_pic.a(mprotect.os)
 .bss           0x0000000000000110       0xd8 /home/conrad/Downloads/glibc-2.29-arm/glibc-2.29/build_dir/libc_pic.a(profil.os)
 .bss           0x00000000000001e8        0x0 /home/conrad/Downloads/glibc-2.29-arm/glibc-2.29/build_dir/libc_pic.a(prof-freq.os)
 .bss           0x00000000000001e8        0x0 /home/conrad/Downloads/glibc-2.29-arm/glibc-2.29/build_dir/libc_pic.a(libc-lowlevellock.os)
 .bss           0x00000000000001e8        0x0 /home/conrad/Downloads/glibc-2.29-arm/glibc-2.29/build_dir/libc_pic.a(dl-addr-obj.os)
 .bss           0x00000000000001e8        0x0 /home/conrad/Downloads/glibc-2.29-arm/glibc-2.29/build_dir/libc_pic.a(sysdep.os)
 .bss           0x00000000000001e8        0x0 /home/conrad/Downloads/glibc-2.29-arm/glibc-2.29/build_dir/libc_pic.a(sigaction.os)
 .bss           0x00000000000001e8        0x0 /home/conrad/Downloads/glibc-2.29-arm/glibc-2.29/build_dir/libc_pic.a(setitimer.os)
 .bss           0x00000000000001e8        0x0 /home/conrad/Downloads/glibc-2.29-arm/glibc-2.29/build_dir/libc_pic.a(getdents64.os)

.stab
 *(.stab)

.stabstr
 *(.stabstr)

.stab.excl
 *(.stab.excl)

.stab.exclstr
 *(.stab.exclstr)

.stab.index
 *(.stab.index)

.stab.indexstr
 *(.stab.indexstr)

.comment        0x0000000000000000      0xc18
 *(.comment)
 .comment       0x0000000000000000      0x637 /home/conrad/Downloads/glibc-2.29-arm/glibc-2.29/build_dir/elf/dl-allobjs.os
 .comment       0x0000000000000637       0x2b /home/conrad/Downloads/glibc-2.29-arm/glibc-2.29/build_dir/libc_pic.a(check_fds.os)
 .comment       0x0000000000000662       0x2b /home/conrad/Downloads/glibc-2.29-arm/glibc-2.29/build_dir/libc_pic.a(errno.os)
 .comment       0x000000000000068d       0x2b /home/conrad/Downloads/glibc-2.29-arm/glibc-2.29/build_dir/libc_pic.a(scratch_buffer_set_array_size.os)
 .comment       0x00000000000006b8       0x2b /home/conrad/Downloads/glibc-2.29-arm/glibc-2.29/build_dir/libc_pic.a(strcspn.os)
 .comment       0x00000000000006e3       0x2b /home/conrad/Downloads/glibc-2.29-arm/glibc-2.29/build_dir/libc_pic.a(strdup.os)
 .comment       0x000000000000070e       0x2b /home/conrad/Downloads/glibc-2.29-arm/glibc-2.29/build_dir/libc_pic.a(strlen.os)
 .comment       0x0000000000000739       0x2b /home/conrad/Downloads/glibc-2.29-arm/glibc-2.29/build_dir/libc_pic.a(memmove.os)
 .comment       0x0000000000000764       0x2b /home/conrad/Downloads/glibc-2.29-arm/glibc-2.29/build_dir/libc_pic.a(memset.os)
 .comment       0x000000000000078f       0x2b /home/conrad/Downloads/glibc-2.29-arm/glibc-2.29/build_dir/libc_pic.a(mempcpy.os)
 .comment       0x00000000000007ba       0x2b /home/conrad/Downloads/glibc-2.29-arm/glibc-2.29/build_dir/libc_pic.a(memcpy.os)
 .comment       0x00000000000007e5       0x2b /home/conrad/Downloads/glibc-2.29-arm/glibc-2.29/build_dir/libc_pic.a(closedir.os)
 .comment       0x0000000000000810       0x2b /home/conrad/Downloads/glibc-2.29-arm/glibc-2.29/build_dir/libc_pic.a(rewinddir.os)
 .comment       0x000000000000083b       0x2b /home/conrad/Downloads/glibc-2.29-arm/glibc-2.29/build_dir/libc_pic.a(readdir64.os)
 .comment       0x0000000000000866       0x2b /home/conrad/Downloads/glibc-2.29-arm/glibc-2.29/build_dir/libc_pic.a(fdopendir.os)
 .comment       0x0000000000000891       0x2b /home/conrad/Downloads/glibc-2.29-arm/glibc-2.29/build_dir/libc_pic.a(_exit.os)
 .comment       0x00000000000008bc       0x2b /home/conrad/Downloads/glibc-2.29-arm/glibc-2.29/build_dir/libc_pic.a(environ.os)
 .comment       0x00000000000008e7       0x2b /home/conrad/Downloads/glibc-2.29-arm/glibc-2.29/build_dir/libc_pic.a(xstat.os)
 .comment       0x0000000000000912       0x2b /home/conrad/Downloads/glibc-2.29-arm/glibc-2.29/build_dir/libc_pic.a(fxstat.os)
 .comment       0x000000000000093d       0x2b /home/conrad/Downloads/glibc-2.29-arm/glibc-2.29/build_dir/libc_pic.a(lxstat.os)
 .comment       0x0000000000000968       0x2b /home/conrad/Downloads/glibc-2.29-arm/glibc-2.29/build_dir/libc_pic.a(lseek64.os)
 .comment       0x0000000000000993       0x2b /home/conrad/Downloads/glibc-2.29-arm/glibc-2.29/build_dir/libc_pic.a(access.os)
 .comment       0x00000000000009be       0x2b /home/conrad/Downloads/glibc-2.29-arm/glibc-2.29/build_dir/libc_pic.a(close_nocancel.os)
 .comment       0x00000000000009e9       0x2b /home/conrad/Downloads/glibc-2.29-arm/glibc-2.29/build_dir/libc_pic.a(fcntl_nocancel.os)
 .comment       0x0000000000000a14       0x2b /home/conrad/Downloads/glibc-2.29-arm/glibc-2.29/build_dir/libc_pic.a(open64_nocancel.os)
 .comment       0x0000000000000a3f       0x2b /home/conrad/Downloads/glibc-2.29-arm/glibc-2.29/build_dir/libc_pic.a(openat64_nocancel.os)
 .comment       0x0000000000000a6a       0x2b /home/conrad/Downloads/glibc-2.29-arm/glibc-2.29/build_dir/libc_pic.a(read_nocancel.os)
 .comment       0x0000000000000a95       0x2b /home/conrad/Downloads/glibc-2.29-arm/glibc-2.29/build_dir/libc_pic.a(write_nocancel.os)
 .comment       0x0000000000000ac0       0x2b /home/conrad/Downloads/glibc-2.29-arm/glibc-2.29/build_dir/libc_pic.a(mmap64.os)
 .comment       0x0000000000000aeb       0x2b /home/conrad/Downloads/glibc-2.29-arm/glibc-2.29/build_dir/libc_pic.a(profil.os)
 .comment       0x0000000000000b16       0x2b /home/conrad/Downloads/glibc-2.29-arm/glibc-2.29/build_dir/libc_pic.a(prof-freq.os)
 .comment       0x0000000000000b41       0x2b /home/conrad/Downloads/glibc-2.29-arm/glibc-2.29/build_dir/libc_pic.a(libc-lowlevellock.os)
 .comment       0x0000000000000b6c       0x2b /home/conrad/Downloads/glibc-2.29-arm/glibc-2.29/build_dir/libc_pic.a(dl-addr-obj.os)
 .comment       0x0000000000000b97       0x2b /home/conrad/Downloads/glibc-2.29-arm/glibc-2.29/build_dir/libc_pic.a(sysdep.os)
 .comment       0x0000000000000bc2       0x2b /home/conrad/Downloads/glibc-2.29-arm/glibc-2.29/build_dir/libc_pic.a(sigaction.os)
 .comment       0x0000000000000bed       0x2b /home/conrad/Downloads/glibc-2.29-arm/glibc-2.29/build_dir/libc_pic.a(getdents64.os)

.note.GNU-stack
                0x0000000000000000        0x0
 .note.GNU-stack
                0x0000000000000000        0x0 /home/conrad/Downloads/glibc-2.29-arm/glibc-2.29/build_dir/elf/dl-allobjs.os
 .note.GNU-stack
                0x0000000000000000        0x0 /home/conrad/Downloads/glibc-2.29-arm/glibc-2.29/build_dir/libc_pic.a(check_fds.os)
 .note.GNU-stack
                0x0000000000000000        0x0 /home/conrad/Downloads/glibc-2.29-arm/glibc-2.29/build_dir/libc_pic.a(errno.os)
 .note.GNU-stack
                0x0000000000000000        0x0 /home/conrad/Downloads/glibc-2.29-arm/glibc-2.29/build_dir/libc_pic.a(setjmp.os)
 .note.GNU-stack
                0x0000000000000000        0x0 /home/conrad/Downloads/glibc-2.29-arm/glibc-2.29/build_dir/libc_pic.a(__longjmp.os)
 .note.GNU-stack
                0x0000000000000000        0x0 /home/conrad/Downloads/glibc-2.29-arm/glibc-2.29/build_dir/libc_pic.a(scratch_buffer_set_array_size.os)
 .note.GNU-stack
                0x0000000000000000        0x0 /home/conrad/Downloads/glibc-2.29-arm/glibc-2.29/build_dir/libc_pic.a(strchr.os)
 .note.GNU-stack
                0x0000000000000000        0x0 /home/conrad/Downloads/glibc-2.29-arm/glibc-2.29/build_dir/libc_pic.a(strcmp.os)
 .note.GNU-stack
                0x0000000000000000        0x0 /home/conrad/Downloads/glibc-2.29-arm/glibc-2.29/build_dir/libc_pic.a(strcspn.os)
 .note.GNU-stack
                0x0000000000000000        0x0 /home/conrad/Downloads/glibc-2.29-arm/glibc-2.29/build_dir/libc_pic.a(strdup.os)
 .note.GNU-stack
                0x0000000000000000        0x0 /home/conrad/Downloads/glibc-2.29-arm/glibc-2.29/build_dir/libc_pic.a(strlen.os)
 .note.GNU-stack
                0x0000000000000000        0x0 /home/conrad/Downloads/glibc-2.29-arm/glibc-2.29/build_dir/libc_pic.a(strnlen.os)
 .note.GNU-stack
                0x0000000000000000        0x0 /home/conrad/Downloads/glibc-2.29-arm/glibc-2.29/build_dir/libc_pic.a(strncmp.os)
 .note.GNU-stack
                0x0000000000000000        0x0 /home/conrad/Downloads/glibc-2.29-arm/glibc-2.29/build_dir/libc_pic.a(memchr.os)
 .note.GNU-stack
                0x0000000000000000        0x0 /home/conrad/Downloads/glibc-2.29-arm/glibc-2.29/build_dir/libc_pic.a(memcmp.os)
 .note.GNU-stack
                0x0000000000000000        0x0 /home/conrad/Downloads/glibc-2.29-arm/glibc-2.29/build_dir/libc_pic.a(memmove.os)
 .note.GNU-stack
                0x0000000000000000        0x0 /home/conrad/Downloads/glibc-2.29-arm/glibc-2.29/build_dir/libc_pic.a(memset.os)
 .note.GNU-stack
                0x0000000000000000        0x0 /home/conrad/Downloads/glibc-2.29-arm/glibc-2.29/build_dir/libc_pic.a(mempcpy.os)
 .note.GNU-stack
                0x0000000000000000        0x0 /home/conrad/Downloads/glibc-2.29-arm/glibc-2.29/build_dir/libc_pic.a(stpcpy.os)
 .note.GNU-stack
                0x0000000000000000        0x0 /home/conrad/Downloads/glibc-2.29-arm/glibc-2.29/build_dir/libc_pic.a(memcpy.os)
 .note.GNU-stack
                0x0000000000000000        0x0 /home/conrad/Downloads/glibc-2.29-arm/glibc-2.29/build_dir/libc_pic.a(rawmemchr.os)
 .note.GNU-stack
                0x0000000000000000        0x0 /home/conrad/Downloads/glibc-2.29-arm/glibc-2.29/build_dir/libc_pic.a(strchrnul.os)
 .note.GNU-stack
                0x0000000000000000        0x0 /home/conrad/Downloads/glibc-2.29-arm/glibc-2.29/build_dir/libc_pic.a(memcpy_generic.os)
 .note.GNU-stack
                0x0000000000000000        0x0 /home/conrad/Downloads/glibc-2.29-arm/glibc-2.29/build_dir/libc_pic.a(memcpy_thunderx.os)
 .note.GNU-stack
                0x0000000000000000        0x0 /home/conrad/Downloads/glibc-2.29-arm/glibc-2.29/build_dir/libc_pic.a(memcpy_thunderx2.os)
 .note.GNU-stack
                0x0000000000000000        0x0 /home/conrad/Downloads/glibc-2.29-arm/glibc-2.29/build_dir/libc_pic.a(memcpy_falkor.os)
 .note.GNU-stack
                0x0000000000000000        0x0 /home/conrad/Downloads/glibc-2.29-arm/glibc-2.29/build_dir/libc_pic.a(memmove_falkor.os)
 .note.GNU-stack
                0x0000000000000000        0x0 /home/conrad/Downloads/glibc-2.29-arm/glibc-2.29/build_dir/libc_pic.a(memset_generic.os)
 .note.GNU-stack
                0x0000000000000000        0x0 /home/conrad/Downloads/glibc-2.29-arm/glibc-2.29/build_dir/libc_pic.a(memset_falkor.os)
 .note.GNU-stack
                0x0000000000000000        0x0 /home/conrad/Downloads/glibc-2.29-arm/glibc-2.29/build_dir/libc_pic.a(strlen_generic.os)
 .note.GNU-stack
                0x0000000000000000        0x0 /home/conrad/Downloads/glibc-2.29-arm/glibc-2.29/build_dir/libc_pic.a(strlen_asimd.os)
 .note.GNU-stack
                0x0000000000000000        0x0 /home/conrad/Downloads/glibc-2.29-arm/glibc-2.29/build_dir/libc_pic.a(closedir.os)
 .note.GNU-stack
                0x0000000000000000        0x0 /home/conrad/Downloads/glibc-2.29-arm/glibc-2.29/build_dir/libc_pic.a(rewinddir.os)
 .note.GNU-stack
                0x0000000000000000        0x0 /home/conrad/Downloads/glibc-2.29-arm/glibc-2.29/build_dir/libc_pic.a(readdir64.os)
 .note.GNU-stack
                0x0000000000000000        0x0 /home/conrad/Downloads/glibc-2.29-arm/glibc-2.29/build_dir/libc_pic.a(fdopendir.os)
 .note.GNU-stack
                0x0000000000000000        0x0 /home/conrad/Downloads/glibc-2.29-arm/glibc-2.29/build_dir/libc_pic.a(uname.os)
 .note.GNU-stack
                0x0000000000000000        0x0 /home/conrad/Downloads/glibc-2.29-arm/glibc-2.29/build_dir/libc_pic.a(_exit.os)
 .note.GNU-stack
                0x0000000000000000        0x0 /home/conrad/Downloads/glibc-2.29-arm/glibc-2.29/build_dir/libc_pic.a(getpid.os)
 .note.GNU-stack
                0x0000000000000000        0x0 /home/conrad/Downloads/glibc-2.29-arm/glibc-2.29/build_dir/libc_pic.a(environ.os)
 .note.GNU-stack
                0x0000000000000000        0x0 /home/conrad/Downloads/glibc-2.29-arm/glibc-2.29/build_dir/libc_pic.a(xstat.os)
 .note.GNU-stack
                0x0000000000000000        0x0 /home/conrad/Downloads/glibc-2.29-arm/glibc-2.29/build_dir/libc_pic.a(fxstat.os)
 .note.GNU-stack
                0x0000000000000000        0x0 /home/conrad/Downloads/glibc-2.29-arm/glibc-2.29/build_dir/libc_pic.a(lxstat.os)
 .note.GNU-stack
                0x0000000000000000        0x0 /home/conrad/Downloads/glibc-2.29-arm/glibc-2.29/build_dir/libc_pic.a(lseek64.os)
 .note.GNU-stack
                0x0000000000000000        0x0 /home/conrad/Downloads/glibc-2.29-arm/glibc-2.29/build_dir/libc_pic.a(access.os)
 .note.GNU-stack
                0x0000000000000000        0x0 /home/conrad/Downloads/glibc-2.29-arm/glibc-2.29/build_dir/libc_pic.a(close_nocancel.os)
 .note.GNU-stack
                0x0000000000000000        0x0 /home/conrad/Downloads/glibc-2.29-arm/glibc-2.29/build_dir/libc_pic.a(fcntl_nocancel.os)
 .note.GNU-stack
                0x0000000000000000        0x0 /home/conrad/Downloads/glibc-2.29-arm/glibc-2.29/build_dir/libc_pic.a(open64_nocancel.os)
 .note.GNU-stack
                0x0000000000000000        0x0 /home/conrad/Downloads/glibc-2.29-arm/glibc-2.29/build_dir/libc_pic.a(openat64_nocancel.os)
 .note.GNU-stack
                0x0000000000000000        0x0 /home/conrad/Downloads/glibc-2.29-arm/glibc-2.29/build_dir/libc_pic.a(read_nocancel.os)
 .note.GNU-stack
                0x0000000000000000        0x0 /home/conrad/Downloads/glibc-2.29-arm/glibc-2.29/build_dir/libc_pic.a(write_nocancel.os)
 .note.GNU-stack
                0x0000000000000000        0x0 /home/conrad/Downloads/glibc-2.29-arm/glibc-2.29/build_dir/libc_pic.a(mmap64.os)
 .note.GNU-stack
                0x0000000000000000        0x0 /home/conrad/Downloads/glibc-2.29-arm/glibc-2.29/build_dir/libc_pic.a(munmap.os)
 .note.GNU-stack
                0x0000000000000000        0x0 /home/conrad/Downloads/glibc-2.29-arm/glibc-2.29/build_dir/libc_pic.a(mprotect.os)
 .note.GNU-stack
                0x0000000000000000        0x0 /home/conrad/Downloads/glibc-2.29-arm/glibc-2.29/build_dir/libc_pic.a(profil.os)
 .note.GNU-stack
                0x0000000000000000        0x0 /home/conrad/Downloads/glibc-2.29-arm/glibc-2.29/build_dir/libc_pic.a(prof-freq.os)
 .note.GNU-stack
                0x0000000000000000        0x0 /home/conrad/Downloads/glibc-2.29-arm/glibc-2.29/build_dir/libc_pic.a(libc-lowlevellock.os)
 .note.GNU-stack
                0x0000000000000000        0x0 /home/conrad/Downloads/glibc-2.29-arm/glibc-2.29/build_dir/libc_pic.a(dl-addr-obj.os)
 .note.GNU-stack
                0x0000000000000000        0x0 /home/conrad/Downloads/glibc-2.29-arm/glibc-2.29/build_dir/libc_pic.a(sysdep.os)
 .note.GNU-stack
                0x0000000000000000        0x0 /home/conrad/Downloads/glibc-2.29-arm/glibc-2.29/build_dir/libc_pic.a(sigaction.os)
 .note.GNU-stack
                0x0000000000000000        0x0 /home/conrad/Downloads/glibc-2.29-arm/glibc-2.29/build_dir/libc_pic.a(setitimer.os)
 .note.GNU-stack
                0x0000000000000000        0x0 /home/conrad/Downloads/glibc-2.29-arm/glibc-2.29/build_dir/libc_pic.a(getdents64.os)

.gnu.build.attributes
 *(.gnu.build.attributes)

.debug
 *(.debug)

.line
 *(.line)

.debug_srcinfo
 *(.debug_srcinfo)

.debug_sfnames
 *(.debug_sfnames)

.debug_aranges  0x0000000000000000     0x12a0
 *(.debug_aranges)
 .debug_aranges
                0x0000000000000000      0x780 /home/conrad/Downloads/glibc-2.29-arm/glibc-2.29/build_dir/elf/dl-allobjs.os
 .debug_aranges
                0x0000000000000780       0x30 /home/conrad/Downloads/glibc-2.29-arm/glibc-2.29/build_dir/libc_pic.a(check_fds.os)
 .debug_aranges
                0x00000000000007b0       0x20 /home/conrad/Downloads/glibc-2.29-arm/glibc-2.29/build_dir/libc_pic.a(errno.os)
 .debug_aranges
                0x00000000000007d0       0x30 /home/conrad/Downloads/glibc-2.29-arm/glibc-2.29/build_dir/libc_pic.a(setjmp.os)
 .debug_aranges
                0x0000000000000800       0x30 /home/conrad/Downloads/glibc-2.29-arm/glibc-2.29/build_dir/libc_pic.a(__longjmp.os)
 .debug_aranges
                0x0000000000000830       0x30 /home/conrad/Downloads/glibc-2.29-arm/glibc-2.29/build_dir/libc_pic.a(scratch_buffer_set_array_size.os)
 .debug_aranges
                0x0000000000000860       0x30 /home/conrad/Downloads/glibc-2.29-arm/glibc-2.29/build_dir/libc_pic.a(strchr.os)
 .debug_aranges
                0x0000000000000890       0x30 /home/conrad/Downloads/glibc-2.29-arm/glibc-2.29/build_dir/libc_pic.a(strcmp.os)
 .debug_aranges
                0x00000000000008c0       0x30 /home/conrad/Downloads/glibc-2.29-arm/glibc-2.29/build_dir/libc_pic.a(strcspn.os)
 .debug_aranges
                0x00000000000008f0       0x30 /home/conrad/Downloads/glibc-2.29-arm/glibc-2.29/build_dir/libc_pic.a(strdup.os)
 .debug_aranges
                0x0000000000000920       0x30 /home/conrad/Downloads/glibc-2.29-arm/glibc-2.29/build_dir/libc_pic.a(strlen.os)
 .debug_aranges
                0x0000000000000950       0x30 /home/conrad/Downloads/glibc-2.29-arm/glibc-2.29/build_dir/libc_pic.a(strnlen.os)
 .debug_aranges
                0x0000000000000980       0x30 /home/conrad/Downloads/glibc-2.29-arm/glibc-2.29/build_dir/libc_pic.a(strncmp.os)
 .debug_aranges
                0x00000000000009b0       0x30 /home/conrad/Downloads/glibc-2.29-arm/glibc-2.29/build_dir/libc_pic.a(memchr.os)
 .debug_aranges
                0x00000000000009e0       0x30 /home/conrad/Downloads/glibc-2.29-arm/glibc-2.29/build_dir/libc_pic.a(memcmp.os)
 .debug_aranges
                0x0000000000000a10       0x30 /home/conrad/Downloads/glibc-2.29-arm/glibc-2.29/build_dir/libc_pic.a(memmove.os)
 .debug_aranges
                0x0000000000000a40       0x30 /home/conrad/Downloads/glibc-2.29-arm/glibc-2.29/build_dir/libc_pic.a(memset.os)
 .debug_aranges
                0x0000000000000a70       0x30 /home/conrad/Downloads/glibc-2.29-arm/glibc-2.29/build_dir/libc_pic.a(mempcpy.os)
 .debug_aranges
                0x0000000000000aa0       0x30 /home/conrad/Downloads/glibc-2.29-arm/glibc-2.29/build_dir/libc_pic.a(stpcpy.os)
 .debug_aranges
                0x0000000000000ad0       0x30 /home/conrad/Downloads/glibc-2.29-arm/glibc-2.29/build_dir/libc_pic.a(memcpy.os)
 .debug_aranges
                0x0000000000000b00       0x30 /home/conrad/Downloads/glibc-2.29-arm/glibc-2.29/build_dir/libc_pic.a(rawmemchr.os)
 .debug_aranges
                0x0000000000000b30       0x30 /home/conrad/Downloads/glibc-2.29-arm/glibc-2.29/build_dir/libc_pic.a(strchrnul.os)
 .debug_aranges
                0x0000000000000b60       0x30 /home/conrad/Downloads/glibc-2.29-arm/glibc-2.29/build_dir/libc_pic.a(memcpy_generic.os)
 .debug_aranges
                0x0000000000000b90       0x30 /home/conrad/Downloads/glibc-2.29-arm/glibc-2.29/build_dir/libc_pic.a(memcpy_thunderx.os)
 .debug_aranges
                0x0000000000000bc0       0x30 /home/conrad/Downloads/glibc-2.29-arm/glibc-2.29/build_dir/libc_pic.a(memcpy_thunderx2.os)
 .debug_aranges
                0x0000000000000bf0       0x30 /home/conrad/Downloads/glibc-2.29-arm/glibc-2.29/build_dir/libc_pic.a(memcpy_falkor.os)
 .debug_aranges
                0x0000000000000c20       0x30 /home/conrad/Downloads/glibc-2.29-arm/glibc-2.29/build_dir/libc_pic.a(memmove_falkor.os)
 .debug_aranges
                0x0000000000000c50       0x30 /home/conrad/Downloads/glibc-2.29-arm/glibc-2.29/build_dir/libc_pic.a(memset_generic.os)
 .debug_aranges
                0x0000000000000c80       0x30 /home/conrad/Downloads/glibc-2.29-arm/glibc-2.29/build_dir/libc_pic.a(memset_falkor.os)
 .debug_aranges
                0x0000000000000cb0       0x30 /home/conrad/Downloads/glibc-2.29-arm/glibc-2.29/build_dir/libc_pic.a(strlen_generic.os)
 .debug_aranges
                0x0000000000000ce0       0x30 /home/conrad/Downloads/glibc-2.29-arm/glibc-2.29/build_dir/libc_pic.a(strlen_asimd.os)
 .debug_aranges
                0x0000000000000d10       0x30 /home/conrad/Downloads/glibc-2.29-arm/glibc-2.29/build_dir/libc_pic.a(closedir.os)
 .debug_aranges
                0x0000000000000d40       0x30 /home/conrad/Downloads/glibc-2.29-arm/glibc-2.29/build_dir/libc_pic.a(rewinddir.os)
 .debug_aranges
                0x0000000000000d70       0x30 /home/conrad/Downloads/glibc-2.29-arm/glibc-2.29/build_dir/libc_pic.a(readdir64.os)
 .debug_aranges
                0x0000000000000da0       0x30 /home/conrad/Downloads/glibc-2.29-arm/glibc-2.29/build_dir/libc_pic.a(fdopendir.os)
 .debug_aranges
                0x0000000000000dd0       0x30 /home/conrad/Downloads/glibc-2.29-arm/glibc-2.29/build_dir/libc_pic.a(uname.os)
 .debug_aranges
                0x0000000000000e00       0x30 /home/conrad/Downloads/glibc-2.29-arm/glibc-2.29/build_dir/libc_pic.a(_exit.os)
 .debug_aranges
                0x0000000000000e30       0x30 /home/conrad/Downloads/glibc-2.29-arm/glibc-2.29/build_dir/libc_pic.a(getpid.os)
 .debug_aranges
                0x0000000000000e60       0x20 /home/conrad/Downloads/glibc-2.29-arm/glibc-2.29/build_dir/libc_pic.a(environ.os)
 .debug_aranges
                0x0000000000000e80       0x30 /home/conrad/Downloads/glibc-2.29-arm/glibc-2.29/build_dir/libc_pic.a(xstat.os)
 .debug_aranges
                0x0000000000000eb0       0x30 /home/conrad/Downloads/glibc-2.29-arm/glibc-2.29/build_dir/libc_pic.a(fxstat.os)
 .debug_aranges
                0x0000000000000ee0       0x30 /home/conrad/Downloads/glibc-2.29-arm/glibc-2.29/build_dir/libc_pic.a(lxstat.os)
 .debug_aranges
                0x0000000000000f10       0x30 /home/conrad/Downloads/glibc-2.29-arm/glibc-2.29/build_dir/libc_pic.a(lseek64.os)
 .debug_aranges
                0x0000000000000f40       0x30 /home/conrad/Downloads/glibc-2.29-arm/glibc-2.29/build_dir/libc_pic.a(access.os)
 .debug_aranges
                0x0000000000000f70       0x30 /home/conrad/Downloads/glibc-2.29-arm/glibc-2.29/build_dir/libc_pic.a(close_nocancel.os)
 .debug_aranges
                0x0000000000000fa0       0x30 /home/conrad/Downloads/glibc-2.29-arm/glibc-2.29/build_dir/libc_pic.a(fcntl_nocancel.os)
 .debug_aranges
                0x0000000000000fd0       0x30 /home/conrad/Downloads/glibc-2.29-arm/glibc-2.29/build_dir/libc_pic.a(open64_nocancel.os)
 .debug_aranges
                0x0000000000001000       0x30 /home/conrad/Downloads/glibc-2.29-arm/glibc-2.29/build_dir/libc_pic.a(openat64_nocancel.os)
 .debug_aranges
                0x0000000000001030       0x30 /home/conrad/Downloads/glibc-2.29-arm/glibc-2.29/build_dir/libc_pic.a(read_nocancel.os)
 .debug_aranges
                0x0000000000001060       0x30 /home/conrad/Downloads/glibc-2.29-arm/glibc-2.29/build_dir/libc_pic.a(write_nocancel.os)
 .debug_aranges
                0x0000000000001090       0x30 /home/conrad/Downloads/glibc-2.29-arm/glibc-2.29/build_dir/libc_pic.a(mmap64.os)
 .debug_aranges
                0x00000000000010c0       0x30 /home/conrad/Downloads/glibc-2.29-arm/glibc-2.29/build_dir/libc_pic.a(munmap.os)
 .debug_aranges
                0x00000000000010f0       0x30 /home/conrad/Downloads/glibc-2.29-arm/glibc-2.29/build_dir/libc_pic.a(mprotect.os)
 .debug_aranges
                0x0000000000001120       0x30 /home/conrad/Downloads/glibc-2.29-arm/glibc-2.29/build_dir/libc_pic.a(profil.os)
 .debug_aranges
                0x0000000000001150       0x30 /home/conrad/Downloads/glibc-2.29-arm/glibc-2.29/build_dir/libc_pic.a(prof-freq.os)
 .debug_aranges
                0x0000000000001180       0x30 /home/conrad/Downloads/glibc-2.29-arm/glibc-2.29/build_dir/libc_pic.a(libc-lowlevellock.os)
 .debug_aranges
                0x00000000000011b0       0x30 /home/conrad/Downloads/glibc-2.29-arm/glibc-2.29/build_dir/libc_pic.a(dl-addr-obj.os)
 .debug_aranges
                0x00000000000011e0       0x30 /home/conrad/Downloads/glibc-2.29-arm/glibc-2.29/build_dir/libc_pic.a(sysdep.os)
 .debug_aranges
                0x0000000000001210       0x30 /home/conrad/Downloads/glibc-2.29-arm/glibc-2.29/build_dir/libc_pic.a(sigaction.os)
 .debug_aranges
                0x0000000000001240       0x30 /home/conrad/Downloads/glibc-2.29-arm/glibc-2.29/build_dir/libc_pic.a(setitimer.os)
 .debug_aranges
                0x0000000000001270       0x30 /home/conrad/Downloads/glibc-2.29-arm/glibc-2.29/build_dir/libc_pic.a(getdents64.os)

.debug_pubnames
 *(.debug_pubnames)

.debug_info     0x0000000000000000    0xc4429
 *(.debug_info)
 .debug_info    0x0000000000000000    0x9230a /home/conrad/Downloads/glibc-2.29-arm/glibc-2.29/build_dir/elf/dl-allobjs.os
 .debug_info    0x000000000009230a      0xb53 /home/conrad/Downloads/glibc-2.29-arm/glibc-2.29/build_dir/libc_pic.a(check_fds.os)
 .debug_info    0x0000000000092e5d      0x6cd /home/conrad/Downloads/glibc-2.29-arm/glibc-2.29/build_dir/libc_pic.a(errno.os)
 .debug_info    0x000000000009352a       0x2e /home/conrad/Downloads/glibc-2.29-arm/glibc-2.29/build_dir/libc_pic.a(setjmp.os)
 .debug_info    0x0000000000093558       0x2e /home/conrad/Downloads/glibc-2.29-arm/glibc-2.29/build_dir/libc_pic.a(__longjmp.os)
 .debug_info    0x0000000000093586      0x9d8 /home/conrad/Downloads/glibc-2.29-arm/glibc-2.29/build_dir/libc_pic.a(scratch_buffer_set_array_size.os)
 .debug_info    0x0000000000093f5e       0x2e /home/conrad/Downloads/glibc-2.29-arm/glibc-2.29/build_dir/libc_pic.a(strchr.os)
 .debug_info    0x0000000000093f8c       0x2e /home/conrad/Downloads/glibc-2.29-arm/glibc-2.29/build_dir/libc_pic.a(strcmp.os)
 .debug_info    0x0000000000093fba      0x1cb /home/conrad/Downloads/glibc-2.29-arm/glibc-2.29/build_dir/libc_pic.a(strcspn.os)
 .debug_info    0x0000000000094185      0x22e /home/conrad/Downloads/glibc-2.29-arm/glibc-2.29/build_dir/libc_pic.a(strdup.os)
 .debug_info    0x00000000000943b3     0x358a /home/conrad/Downloads/glibc-2.29-arm/glibc-2.29/build_dir/libc_pic.a(strlen.os)
 .debug_info    0x000000000009793d       0x2e /home/conrad/Downloads/glibc-2.29-arm/glibc-2.29/build_dir/libc_pic.a(strnlen.os)
 .debug_info    0x000000000009796b       0x2e /home/conrad/Downloads/glibc-2.29-arm/glibc-2.29/build_dir/libc_pic.a(strncmp.os)
 .debug_info    0x0000000000097999       0x2e /home/conrad/Downloads/glibc-2.29-arm/glibc-2.29/build_dir/libc_pic.a(memchr.os)
 .debug_info    0x00000000000979c7       0x2e /home/conrad/Downloads/glibc-2.29-arm/glibc-2.29/build_dir/libc_pic.a(memcmp.os)
 .debug_info    0x00000000000979f5     0x3594 /home/conrad/Downloads/glibc-2.29-arm/glibc-2.29/build_dir/libc_pic.a(memmove.os)
 .debug_info    0x000000000009af89     0x359c /home/conrad/Downloads/glibc-2.29-arm/glibc-2.29/build_dir/libc_pic.a(memset.os)
 .debug_info    0x000000000009e525      0x120 /home/conrad/Downloads/glibc-2.29-arm/glibc-2.29/build_dir/libc_pic.a(mempcpy.os)
 .debug_info    0x000000000009e645       0x2e /home/conrad/Downloads/glibc-2.29-arm/glibc-2.29/build_dir/libc_pic.a(stpcpy.os)
 .debug_info    0x000000000009e673     0x359e /home/conrad/Downloads/glibc-2.29-arm/glibc-2.29/build_dir/libc_pic.a(memcpy.os)
 .debug_info    0x00000000000a1c11       0x2e /home/conrad/Downloads/glibc-2.29-arm/glibc-2.29/build_dir/libc_pic.a(rawmemchr.os)
 .debug_info    0x00000000000a1c3f       0x2e /home/conrad/Downloads/glibc-2.29-arm/glibc-2.29/build_dir/libc_pic.a(strchrnul.os)
 .debug_info    0x00000000000a1c6d       0x2e /home/conrad/Downloads/glibc-2.29-arm/glibc-2.29/build_dir/libc_pic.a(memcpy_generic.os)
 .debug_info    0x00000000000a1c9b       0x2e /home/conrad/Downloads/glibc-2.29-arm/glibc-2.29/build_dir/libc_pic.a(memcpy_thunderx.os)
 .debug_info    0x00000000000a1cc9       0x2e /home/conrad/Downloads/glibc-2.29-arm/glibc-2.29/build_dir/libc_pic.a(memcpy_thunderx2.os)
 .debug_info    0x00000000000a1cf7       0x2e /home/conrad/Downloads/glibc-2.29-arm/glibc-2.29/build_dir/libc_pic.a(memcpy_falkor.os)
 .debug_info    0x00000000000a1d25       0x2e /home/conrad/Downloads/glibc-2.29-arm/glibc-2.29/build_dir/libc_pic.a(memmove_falkor.os)
 .debug_info    0x00000000000a1d53       0x2e /home/conrad/Downloads/glibc-2.29-arm/glibc-2.29/build_dir/libc_pic.a(memset_generic.os)
 .debug_info    0x00000000000a1d81       0x2e /home/conrad/Downloads/glibc-2.29-arm/glibc-2.29/build_dir/libc_pic.a(memset_falkor.os)
 .debug_info    0x00000000000a1daf       0x2e /home/conrad/Downloads/glibc-2.29-arm/glibc-2.29/build_dir/libc_pic.a(strlen_generic.os)
 .debug_info    0x00000000000a1ddd       0x2e /home/conrad/Downloads/glibc-2.29-arm/glibc-2.29/build_dir/libc_pic.a(strlen_asimd.os)
 .debug_info    0x00000000000a1e0b     0x1d73 /home/conrad/Downloads/glibc-2.29-arm/glibc-2.29/build_dir/libc_pic.a(closedir.os)
 .debug_info    0x00000000000a3b7e     0x1eea /home/conrad/Downloads/glibc-2.29-arm/glibc-2.29/build_dir/libc_pic.a(rewinddir.os)
 .debug_info    0x00000000000a5a68     0x2000 /home/conrad/Downloads/glibc-2.29-arm/glibc-2.29/build_dir/libc_pic.a(readdir64.os)
 .debug_info    0x00000000000a7a68     0x1f21 /home/conrad/Downloads/glibc-2.29-arm/glibc-2.29/build_dir/libc_pic.a(fdopendir.os)
 .debug_info    0x00000000000a9989       0x2e /home/conrad/Downloads/glibc-2.29-arm/glibc-2.29/build_dir/libc_pic.a(uname.os)
 .debug_info    0x00000000000a99b7      0x83d /home/conrad/Downloads/glibc-2.29-arm/glibc-2.29/build_dir/libc_pic.a(_exit.os)
 .debug_info    0x00000000000aa1f4       0x2e /home/conrad/Downloads/glibc-2.29-arm/glibc-2.29/build_dir/libc_pic.a(getpid.os)
 .debug_info    0x00000000000aa222       0xff /home/conrad/Downloads/glibc-2.29-arm/glibc-2.29/build_dir/libc_pic.a(environ.os)
 .debug_info    0x00000000000aa321      0x9c1 /home/conrad/Downloads/glibc-2.29-arm/glibc-2.29/build_dir/libc_pic.a(xstat.os)
 .debug_info    0x00000000000aace2      0x970 /home/conrad/Downloads/glibc-2.29-arm/glibc-2.29/build_dir/libc_pic.a(fxstat.os)
 .debug_info    0x00000000000ab652      0x9c1 /home/conrad/Downloads/glibc-2.29-arm/glibc-2.29/build_dir/libc_pic.a(lxstat.os)
 .debug_info    0x00000000000ac013      0x86a /home/conrad/Downloads/glibc-2.29-arm/glibc-2.29/build_dir/libc_pic.a(lseek64.os)
 .debug_info    0x00000000000ac87d     0x1f54 /home/conrad/Downloads/glibc-2.29-arm/glibc-2.29/build_dir/libc_pic.a(access.os)
 .debug_info    0x00000000000ae7d1     0x1f06 /home/conrad/Downloads/glibc-2.29-arm/glibc-2.29/build_dir/libc_pic.a(close_nocancel.os)
 .debug_info    0x00000000000b06d7     0x2233 /home/conrad/Downloads/glibc-2.29-arm/glibc-2.29/build_dir/libc_pic.a(fcntl_nocancel.os)
 .debug_info    0x00000000000b290a      0x910 /home/conrad/Downloads/glibc-2.29-arm/glibc-2.29/build_dir/libc_pic.a(open64_nocancel.os)
 .debug_info    0x00000000000b321a     0x2010 /home/conrad/Downloads/glibc-2.29-arm/glibc-2.29/build_dir/libc_pic.a(openat64_nocancel.os)
 .debug_info    0x00000000000b522a     0x1f8a /home/conrad/Downloads/glibc-2.29-arm/glibc-2.29/build_dir/libc_pic.a(read_nocancel.os)
 .debug_info    0x00000000000b71b4     0x1f8a /home/conrad/Downloads/glibc-2.29-arm/glibc-2.29/build_dir/libc_pic.a(write_nocancel.os)
 .debug_info    0x00000000000b913e      0x9e0 /home/conrad/Downloads/glibc-2.29-arm/glibc-2.29/build_dir/libc_pic.a(mmap64.os)
 .debug_info    0x00000000000b9b1e       0x2e /home/conrad/Downloads/glibc-2.29-arm/glibc-2.29/build_dir/libc_pic.a(munmap.os)
 .debug_info    0x00000000000b9b4c       0x2e /home/conrad/Downloads/glibc-2.29-arm/glibc-2.29/build_dir/libc_pic.a(mprotect.os)
 .debug_info    0x00000000000b9b7a     0x1050 /home/conrad/Downloads/glibc-2.29-arm/glibc-2.29/build_dir/libc_pic.a(profil.os)
 .debug_info    0x00000000000babca     0x3554 /home/conrad/Downloads/glibc-2.29-arm/glibc-2.29/build_dir/libc_pic.a(prof-freq.os)
 .debug_info    0x00000000000be11e      0x8cc /home/conrad/Downloads/glibc-2.29-arm/glibc-2.29/build_dir/libc_pic.a(libc-lowlevellock.os)
 .debug_info    0x00000000000be9ea     0x285a /home/conrad/Downloads/glibc-2.29-arm/glibc-2.29/build_dir/libc_pic.a(dl-addr-obj.os)
 .debug_info    0x00000000000c1244      0x701 /home/conrad/Downloads/glibc-2.29-arm/glibc-2.29/build_dir/libc_pic.a(sysdep.os)
 .debug_info    0x00000000000c1945      0xdfd /home/conrad/Downloads/glibc-2.29-arm/glibc-2.29/build_dir/libc_pic.a(sigaction.os)
 .debug_info    0x00000000000c2742       0x2e /home/conrad/Downloads/glibc-2.29-arm/glibc-2.29/build_dir/libc_pic.a(setitimer.os)
 .debug_info    0x00000000000c2770     0x1cb9 /home/conrad/Downloads/glibc-2.29-arm/glibc-2.29/build_dir/libc_pic.a(getdents64.os)

.debug_abbrev   0x0000000000000000    0x10e3a
 *(.debug_abbrev)
 .debug_abbrev  0x0000000000000000     0xb277 /home/conrad/Downloads/glibc-2.29-arm/glibc-2.29/build_dir/elf/dl-allobjs.os
 .debug_abbrev  0x000000000000b277      0x268 /home/conrad/Downloads/glibc-2.29-arm/glibc-2.29/build_dir/libc_pic.a(check_fds.os)
 .debug_abbrev  0x000000000000b4df      0x15e /home/conrad/Downloads/glibc-2.29-arm/glibc-2.29/build_dir/libc_pic.a(errno.os)
 .debug_abbrev  0x000000000000b63d       0x14 /home/conrad/Downloads/glibc-2.29-arm/glibc-2.29/build_dir/libc_pic.a(setjmp.os)
 .debug_abbrev  0x000000000000b651       0x14 /home/conrad/Downloads/glibc-2.29-arm/glibc-2.29/build_dir/libc_pic.a(__longjmp.os)
 .debug_abbrev  0x000000000000b665      0x2d0 /home/conrad/Downloads/glibc-2.29-arm/glibc-2.29/build_dir/libc_pic.a(scratch_buffer_set_array_size.os)
 .debug_abbrev  0x000000000000b935       0x14 /home/conrad/Downloads/glibc-2.29-arm/glibc-2.29/build_dir/libc_pic.a(strchr.os)
 .debug_abbrev  0x000000000000b949       0x14 /home/conrad/Downloads/glibc-2.29-arm/glibc-2.29/build_dir/libc_pic.a(strcmp.os)
 .debug_abbrev  0x000000000000b95d      0x106 /home/conrad/Downloads/glibc-2.29-arm/glibc-2.29/build_dir/libc_pic.a(strcspn.os)
 .debug_abbrev  0x000000000000ba63      0x16a /home/conrad/Downloads/glibc-2.29-arm/glibc-2.29/build_dir/libc_pic.a(strdup.os)
 .debug_abbrev  0x000000000000bbcd      0x366 /home/conrad/Downloads/glibc-2.29-arm/glibc-2.29/build_dir/libc_pic.a(strlen.os)
 .debug_abbrev  0x000000000000bf33       0x14 /home/conrad/Downloads/glibc-2.29-arm/glibc-2.29/build_dir/libc_pic.a(strnlen.os)
 .debug_abbrev  0x000000000000bf47       0x14 /home/conrad/Downloads/glibc-2.29-arm/glibc-2.29/build_dir/libc_pic.a(strncmp.os)
 .debug_abbrev  0x000000000000bf5b       0x14 /home/conrad/Downloads/glibc-2.29-arm/glibc-2.29/build_dir/libc_pic.a(memchr.os)
 .debug_abbrev  0x000000000000bf6f       0x14 /home/conrad/Downloads/glibc-2.29-arm/glibc-2.29/build_dir/libc_pic.a(memcmp.os)
 .debug_abbrev  0x000000000000bf83      0x366 /home/conrad/Downloads/glibc-2.29-arm/glibc-2.29/build_dir/libc_pic.a(memmove.os)
 .debug_abbrev  0x000000000000c2e9      0x357 /home/conrad/Downloads/glibc-2.29-arm/glibc-2.29/build_dir/libc_pic.a(memset.os)
 .debug_abbrev  0x000000000000c640       0xbe /home/conrad/Downloads/glibc-2.29-arm/glibc-2.29/build_dir/libc_pic.a(mempcpy.os)
 .debug_abbrev  0x000000000000c6fe       0x14 /home/conrad/Downloads/glibc-2.29-arm/glibc-2.29/build_dir/libc_pic.a(stpcpy.os)
 .debug_abbrev  0x000000000000c712      0x366 /home/conrad/Downloads/glibc-2.29-arm/glibc-2.29/build_dir/libc_pic.a(memcpy.os)
 .debug_abbrev  0x000000000000ca78       0x14 /home/conrad/Downloads/glibc-2.29-arm/glibc-2.29/build_dir/libc_pic.a(rawmemchr.os)
 .debug_abbrev  0x000000000000ca8c       0x14 /home/conrad/Downloads/glibc-2.29-arm/glibc-2.29/build_dir/libc_pic.a(strchrnul.os)
 .debug_abbrev  0x000000000000caa0       0x14 /home/conrad/Downloads/glibc-2.29-arm/glibc-2.29/build_dir/libc_pic.a(memcpy_generic.os)
 .debug_abbrev  0x000000000000cab4       0x14 /home/conrad/Downloads/glibc-2.29-arm/glibc-2.29/build_dir/libc_pic.a(memcpy_thunderx.os)
 .debug_abbrev  0x000000000000cac8       0x14 /home/conrad/Downloads/glibc-2.29-arm/glibc-2.29/build_dir/libc_pic.a(memcpy_thunderx2.os)
 .debug_abbrev  0x000000000000cadc       0x14 /home/conrad/Downloads/glibc-2.29-arm/glibc-2.29/build_dir/libc_pic.a(memcpy_falkor.os)
 .debug_abbrev  0x000000000000caf0       0x14 /home/conrad/Downloads/glibc-2.29-arm/glibc-2.29/build_dir/libc_pic.a(memmove_falkor.os)
 .debug_abbrev  0x000000000000cb04       0x14 /home/conrad/Downloads/glibc-2.29-arm/glibc-2.29/build_dir/libc_pic.a(memset_generic.os)
 .debug_abbrev  0x000000000000cb18       0x14 /home/conrad/Downloads/glibc-2.29-arm/glibc-2.29/build_dir/libc_pic.a(memset_falkor.os)
 .debug_abbrev  0x000000000000cb2c       0x14 /home/conrad/Downloads/glibc-2.29-arm/glibc-2.29/build_dir/libc_pic.a(strlen_generic.os)
 .debug_abbrev  0x000000000000cb40       0x14 /home/conrad/Downloads/glibc-2.29-arm/glibc-2.29/build_dir/libc_pic.a(strlen_asimd.os)
 .debug_abbrev  0x000000000000cb54      0x362 /home/conrad/Downloads/glibc-2.29-arm/glibc-2.29/build_dir/libc_pic.a(closedir.os)
 .debug_abbrev  0x000000000000ceb6      0x397 /home/conrad/Downloads/glibc-2.29-arm/glibc-2.29/build_dir/libc_pic.a(rewinddir.os)
 .debug_abbrev  0x000000000000d24d      0x39c /home/conrad/Downloads/glibc-2.29-arm/glibc-2.29/build_dir/libc_pic.a(readdir64.os)
 .debug_abbrev  0x000000000000d5e9      0x35d /home/conrad/Downloads/glibc-2.29-arm/glibc-2.29/build_dir/libc_pic.a(fdopendir.os)
 .debug_abbrev  0x000000000000d946       0x14 /home/conrad/Downloads/glibc-2.29-arm/glibc-2.29/build_dir/libc_pic.a(uname.os)
 .debug_abbrev  0x000000000000d95a      0x1ae /home/conrad/Downloads/glibc-2.29-arm/glibc-2.29/build_dir/libc_pic.a(_exit.os)